Archive member included because of file (symbol)

C:/Freescale/KSDK_1.3.0/examples/frdmkl25z/demo_apps/hello_world/kds/../../../../../lib/ksdk_platform_lib/kds/KL25Z4/debug/libksdk_platform.a(fsl_uart_hal.o)
                              ./utilities/fsl_debug_console.o (UART_HAL_SetBaudRate)
C:/Freescale/KSDK_1.3.0/examples/frdmkl25z/demo_apps/hello_world/kds/../../../../../lib/ksdk_platform_lib/kds/KL25Z4/debug/libksdk_platform.a(fsl_lptmr_driver.o)
                              ./source/main.o (LPTMR_DRV_Init)
C:/Freescale/KSDK_1.3.0/examples/frdmkl25z/demo_apps/hello_world/kds/../../../../../lib/ksdk_platform_lib/kds/KL25Z4/debug/libksdk_platform.a(fsl_lpsci_hal.o)
                              ./utilities/fsl_debug_console.o (LPSCI_HAL_SetBaudRate)
C:/Freescale/KSDK_1.3.0/examples/frdmkl25z/demo_apps/hello_world/kds/../../../../../lib/ksdk_platform_lib/kds/KL25Z4/debug/libksdk_platform.a(fsl_gpio_driver.o)
                              ./source/main.o (GPIO_DRV_OutputPinInit)
C:/Freescale/KSDK_1.3.0/examples/frdmkl25z/demo_apps/hello_world/kds/../../../../../lib/ksdk_platform_lib/kds/KL25Z4/debug/libksdk_platform.a(fsl_clock_MKL25Z4.o)
                              ./board/board.o (CLOCK_SYS_SetSimConfigration)
C:/Freescale/KSDK_1.3.0/examples/frdmkl25z/demo_apps/hello_world/kds/../../../../../lib/ksdk_platform_lib/kds/KL25Z4/debug/libksdk_platform.a(fsl_clock_manager.o)
                              C:/Freescale/KSDK_1.3.0/examples/frdmkl25z/demo_apps/hello_world/kds/../../../../../lib/ksdk_platform_lib/kds/KL25Z4/debug/libksdk_platform.a(fsl_clock_MKL25Z4.o) (CLOCK_SYS_GetSystickFreq)
C:/Freescale/KSDK_1.3.0/examples/frdmkl25z/demo_apps/hello_world/kds/../../../../../lib/ksdk_platform_lib/kds/KL25Z4/debug/libksdk_platform.a(fsl_clock_manager_common.o)
                              C:/Freescale/KSDK_1.3.0/examples/frdmkl25z/demo_apps/hello_world/kds/../../../../../lib/ksdk_platform_lib/kds/KL25Z4/debug/libksdk_platform.a(fsl_clock_MKL25Z4.o) (g_oscBase)
C:/Freescale/KSDK_1.3.0/examples/frdmkl25z/demo_apps/hello_world/kds/../../../../../lib/ksdk_platform_lib/kds/KL25Z4/debug/libksdk_platform.a(fsl_os_abstraction_bm.o)
                              C:/Freescale/KSDK_1.3.0/examples/frdmkl25z/demo_apps/hello_world/kds/../../../../../lib/ksdk_platform_lib/kds/KL25Z4/debug/libksdk_platform.a(fsl_clock_manager.o) (OSA_EnterCritical)
C:/Freescale/KSDK_1.3.0/examples/frdmkl25z/demo_apps/hello_world/kds/../../../../../lib/ksdk_platform_lib/kds/KL25Z4/debug/libksdk_platform.a(fsl_sim_hal_MKL25Z4.o)
                              C:/Freescale/KSDK_1.3.0/examples/frdmkl25z/demo_apps/hello_world/kds/../../../../../lib/ksdk_platform_lib/kds/KL25Z4/debug/libksdk_platform.a(fsl_clock_MKL25Z4.o) (CLOCK_HAL_SetOutDiv)
C:/Freescale/KSDK_1.3.0/examples/frdmkl25z/demo_apps/hello_world/kds/../../../../../lib/ksdk_platform_lib/kds/KL25Z4/debug/libksdk_platform.a(fsl_osc_hal.o)
                              C:/Freescale/KSDK_1.3.0/examples/frdmkl25z/demo_apps/hello_world/kds/../../../../../lib/ksdk_platform_lib/kds/KL25Z4/debug/libksdk_platform.a(fsl_clock_manager.o) (OSC_HAL_SetCapacitor)
C:/Freescale/KSDK_1.3.0/examples/frdmkl25z/demo_apps/hello_world/kds/../../../../../lib/ksdk_platform_lib/kds/KL25Z4/debug/libksdk_platform.a(fsl_mcg_hal.o)
                              C:/Freescale/KSDK_1.3.0/examples/frdmkl25z/demo_apps/hello_world/kds/../../../../../lib/ksdk_platform_lib/kds/KL25Z4/debug/libksdk_platform.a(fsl_clock_MKL25Z4.o) (g_xtal0ClkFreq)
C:/Freescale/KSDK_1.3.0/examples/frdmkl25z/demo_apps/hello_world/kds/../../../../../lib/ksdk_platform_lib/kds/KL25Z4/debug/libksdk_platform.a(fsl_mcg_hal_modes.o)
                              C:/Freescale/KSDK_1.3.0/examples/frdmkl25z/demo_apps/hello_world/kds/../../../../../lib/ksdk_platform_lib/kds/KL25Z4/debug/libksdk_platform.a(fsl_clock_manager.o) (CLOCK_HAL_GetMcgMode)
C:/Freescale/KSDK_1.3.0/examples/frdmkl25z/demo_apps/hello_world/kds/../../../../../lib/ksdk_platform_lib/kds/KL25Z4/debug/libksdk_platform.a(fsl_lptmr_hal.o)
                              C:/Freescale/KSDK_1.3.0/examples/frdmkl25z/demo_apps/hello_world/kds/../../../../../lib/ksdk_platform_lib/kds/KL25Z4/debug/libksdk_platform.a(fsl_lptmr_driver.o) (LPTMR_HAL_Init)
C:/Freescale/KSDK_1.3.0/examples/frdmkl25z/demo_apps/hello_world/kds/../../../../../lib/ksdk_platform_lib/kds/KL25Z4/debug/libksdk_platform.a(fsl_lptmr_common.o)
                              C:/Freescale/KSDK_1.3.0/examples/frdmkl25z/demo_apps/hello_world/kds/../../../../../lib/ksdk_platform_lib/kds/KL25Z4/debug/libksdk_platform.a(fsl_lptmr_driver.o) (g_lptmrBase)
C:/Freescale/KSDK_1.3.0/examples/frdmkl25z/demo_apps/hello_world/kds/../../../../../lib/ksdk_platform_lib/kds/KL25Z4/debug/libksdk_platform.a(fsl_interrupt_manager.o)
                              C:/Freescale/KSDK_1.3.0/examples/frdmkl25z/demo_apps/hello_world/kds/../../../../../lib/ksdk_platform_lib/kds/KL25Z4/debug/libksdk_platform.a(fsl_os_abstraction_bm.o) (INT_SYS_InstallHandler)
[...]
Memory Configuration

Name             Origin             Length             Attributes
m_interrupts     0x00000000         0x00000100         xr
m_flash_config   0x00000400         0x00000010         xr
m_text           0x00000410         0x0001fbf0         xr
m_data           0x1ffff000         0x00004000         rw
*default*        0x00000000         0xffffffff

Linker script and memory map

LOAD c:/freescale/kds_v3/toolchain/bin/../lib/gcc/arm-none-eabi/4.8.4/armv6-m/crti.o
LOAD c:/freescale/kds_v3/toolchain/bin/../lib/gcc/arm-none-eabi/4.8.4/armv6-m/crtbegin.o
LOAD c:/freescale/kds_v3/toolchain/bin/../lib/gcc/arm-none-eabi/4.8.4/../../../../arm-none-eabi/lib/armv6-m/crt0.o
                0x00000400                __stack_size__ = 0x400
                0x00000200                __heap_size__ = 0x200
START GROUP
LOAD ./utilities/fsl_debug_console.o
LOAD ./utilities/fsl_misc_utilities.o
LOAD ./utilities/print_scan.o
LOAD ./startup/startup.o
LOAD ./startup/startup_MKL25Z4.o
LOAD ./startup/system_MKL25Z4.o
LOAD ./source/fsl_lptmr_irq.o
LOAD ./source/main.o
LOAD ./board/board.o
LOAD ./board/gpio_pins.o
LOAD ./board/hardware_init.o
LOAD ./board/pin_mux.o
LOAD C:/Freescale/KSDK_1.3.0/examples/frdmkl25z/demo_apps/hello_world/kds/../../../../../lib/ksdk_platform_lib/kds/KL25Z4/debug/libksdk_platform.a
LOAD c:/freescale/kds_v3/toolchain/bin/../lib/gcc/arm-none-eabi/4.8.4/../../../../arm-none-eabi/lib/armv6-m\libm.a
LOAD c:/freescale/kds_v3/toolchain/bin/../lib/gcc/arm-none-eabi/4.8.4/../../../../arm-none-eabi/lib/armv6-m\libg_s.a
LOAD c:/freescale/kds_v3/toolchain/bin/../lib/gcc/arm-none-eabi/4.8.4/armv6-m\libgcc.a
LOAD c:/freescale/kds_v3/toolchain/bin/../lib/gcc/arm-none-eabi/4.8.4/../../../../arm-none-eabi/lib/armv6-m\libnosys.a
END GROUP
START GROUP
LOAD c:/freescale/kds_v3/toolchain/bin/../lib/gcc/arm-none-eabi/4.8.4/armv6-m\libgcc.a
LOAD c:/freescale/kds_v3/toolchain/bin/../lib/gcc/arm-none-eabi/4.8.4/../../../../arm-none-eabi/lib/armv6-m\libg_s.a
LOAD c:/freescale/kds_v3/toolchain/bin/../lib/gcc/arm-none-eabi/4.8.4/../../../../arm-none-eabi/lib/armv6-m\libc_s.a
END GROUP
START GROUP
LOAD c:/freescale/kds_v3/toolchain/bin/../lib/gcc/arm-none-eabi/4.8.4/armv6-m\libgcc.a
LOAD c:/freescale/kds_v3/toolchain/bin/../lib/gcc/arm-none-eabi/4.8.4/../../../../arm-none-eabi/lib/armv6-m\libc_s.a
END GROUP
LOAD c:/freescale/kds_v3/toolchain/bin/../lib/gcc/arm-none-eabi/4.8.4/armv6-m/crtend.o
LOAD c:/freescale/kds_v3/toolchain/bin/../lib/gcc/arm-none-eabi/4.8.4/armv6-m/crtn.o
                0x00000400                HEAP_SIZE = DEFINED (__heap_size__)?__heap_size__:0x400
                0x00000400                STACK_SIZE = DEFINED (__stack_size__)?__stack_size__:0x400
                0x00000000                M_VECTOR_RAM_SIZE = DEFINED (__ram_vector_table__)?0x100:0x0

.interrupts     0x00000000       0xc0
                0x00000000                __VECTOR_TABLE = .
                0x00000000                . = ALIGN (0x4)
 *(.isr_vector)
 .isr_vector    0x00000000       0xc0 ./startup/startup_MKL25Z4.o
                0x00000000                __isr_vector
                0x000000c0                . = ALIGN (0x4)

.flash_config   0x00000400       0x10
                0x00000400                . = ALIGN (0x4)
 *(.FlashConfig)
 .FlashConfig   0x00000400       0x10 ./startup/startup_MKL25Z4.o
                0x00000410                . = ALIGN (0x4)

.text           0x00000410     0x4af0
                0x00000410                . = ALIGN (0x4)
 *(.text)
 .text          0x00000410       0x60 c:/freescale/kds_v3/toolchain/bin/../lib/gcc/arm-none-eabi/4.8.4/armv6-m/crtbegin.o
 .text          0x00000470       0x78 c:/freescale/kds_v3/toolchain/bin/../lib/gcc/arm-none-eabi/4.8.4/../../../../arm-none-eabi/lib/armv6-m/crt0.o
                0x00000470                _start
                0x00000470                _mainCRTStartup
 .text          0x000004e8       0x18 ./startup/startup_MKL25Z4.o
                0x000004e8                Reset_Handler
                0x000004f8                HardFault_Handler
                0x000004f8                SysTick_Handler
                0x000004f8                PendSV_Handler
                0x000004f8                NMI_Handler
                0x000004f8                I2C1_IRQHandler
                0x000004f8                UART1_IRQHandler
                0x000004f8                DMA2_IRQHandler
                0x000004f8                TPM0_IRQHandler
                0x000004f8                LLWU_IRQHandler
                0x000004f8                TSI0_IRQHandler
                0x000004f8                UART0_IRQHandler
                0x000004f8                ADC0_IRQHandler
                0x000004f8                Reserved39_IRQHandler
                0x000004f8                SPI1_IRQHandler
                0x000004f8                DefaultISR
                0x000004f8                PORTD_IRQHandler
                0x000004f8                TPM2_IRQHandler
                0x000004f8                RTC_IRQHandler
                0x000004f8                I2C0_IRQHandler
                0x000004f8                RTC_Seconds_IRQHandler
                0x000004f8                MCG_IRQHandler
                0x000004f8                UART2_IRQHandler
                0x000004f8                Reserved20_IRQHandler
                0x000004f8                USB0_IRQHandler
                0x000004f8                PIT_IRQHandler
                0x000004f8                SVC_Handler
                0x000004f8                DMA3_IRQHandler
                0x000004f8                DMA0_IRQHandler
                0x000004f8                DAC0_IRQHandler
                0x000004f8                Reserved45_IRQHandler
                0x000004f8                TPM1_IRQHandler
                0x000004f8                LVD_LVW_IRQHandler
                0x000004f8                SPI0_IRQHandler
                0x000004f8                PORTA_IRQHandler
                0x000004f8                FTFA_IRQHandler
                0x000004f8                CMP0_IRQHandler
                0x000004f8                DMA1_IRQHandler
 .text          0x00000500       0x9c c:/freescale/kds_v3/toolchain/bin/../lib/gcc/arm-none-eabi/4.8.4/armv6-m\libgcc.a(_udivsi3.o)
                0x00000500                __aeabi_uidiv
                0x00000500                __udivsi3
                0x00000588                __aeabi_uidivmod
 .text          0x0000059c       0xc0 c:/freescale/kds_v3/toolchain/bin/../lib/gcc/arm-none-eabi/4.8.4/armv6-m\libgcc.a(_divsi3.o)
                0x0000059c                __divsi3
                0x0000059c                __aeabi_idiv
                0x00000648                __aeabi_idivmod
 .text          0x0000065c        0x4 c:/freescale/kds_v3/toolchain/bin/../lib/gcc/arm-none-eabi/4.8.4/armv6-m\libgcc.a(_dvmd_tls.o)
                0x0000065c                __aeabi_idiv0
                0x0000065c                __aeabi_ldiv0
 *(.text*)
 .text.UART_HAL_EnableTransmitter
                0x00000660       0x1c ./utilities/fsl_debug_console.o
 .text.UART_HAL_EnableReceiver
                0x0000067c       0x1c ./utilities/fsl_debug_console.o
 .text.UART_HAL_SetBitCountPerChar
                0x00000698       0x28 ./utilities/fsl_debug_console.o
 .text.UART_HAL_SetStopBitCount
                0x000006c0       0x28 ./utilities/fsl_debug_console.o
 .text.LPSCI_HAL_EnableTransmitter
                0x000006e8       0x1c ./utilities/fsl_debug_console.o
 .text.LPSCI_HAL_EnableReceiver
                0x00000704       0x1c ./utilities/fsl_debug_console.o
 .text.LPSCI_HAL_SetBitCountPerChar
                0x00000720       0x28 ./utilities/fsl_debug_console.o
 .text.LPSCI_HAL_SetStopBitCount
                0x00000748       0x28 ./utilities/fsl_debug_console.o
 .text.DbgConsole_Init
                0x00000770      0x160 ./utilities/fsl_debug_console.o
                0x00000770                DbgConsole_Init
 .text._write   0x000008d0       0x5c ./utilities/fsl_debug_console.o
                0x000008d0                _write
 .text._read    0x0000092c       0x48 ./utilities/fsl_debug_console.o
                0x0000092c                _read
 .text.debug_printf
                0x00000974       0x4c ./utilities/fsl_debug_console.o
                0x00000974                debug_printf
 .text.debug_putc
                0x000009c0       0x44 ./utilities/fsl_debug_console.o
 .text.debug_putchar
                0x00000a04       0x30 ./utilities/fsl_debug_console.o
                0x00000a04                debug_putchar
 .text.debug_getchar
                0x00000a34       0x38 ./utilities/fsl_debug_console.o
                0x00000a34                debug_getchar
 .text._sbrk    0x00000a6c       0x5c ./utilities/fsl_misc_utilities.o
                0x00000a6c                _sbrk
 .text._doprint
                0x00000ac8      0x6e4 ./utilities/print_scan.o
                0x00000ac8                _doprint
 .text.mknumstr
                0x000011ac      0x110 ./utilities/print_scan.o
 .text.fput_pad
                0x000012bc       0x44 ./utilities/print_scan.o
 .text.init_data_bss
                0x00001300       0xc8 ./startup/startup.o
                0x00001300                init_data_bss
 .text.SystemInit
                0x000013c8       0x18 ./startup/system_MKL25Z4.o
                0x000013c8                SystemInit
 .text.LPTMR0_IRQHandler
                0x000013e0       0x10 ./source/fsl_lptmr_irq.o
                0x000013e0                LPTMR0_IRQHandler
 .text.lptmr_call_back
                0x000013f0       0x18 ./source/main.o
                0x000013f0                lptmr_call_back
 .text.main     0x00001408       0x94 ./source/main.o
                0x00001408                main
 .text.PORT_HAL_SetMuxMode
                0x0000149c       0x4c ./board/board.o
 .text.CLOCK_HAL_SetLpsciSrc
                0x000014e8       0x30 ./board/board.o
 .text.CLOCK_SYS_SetLpsciSrc
                0x00001518       0x2c ./board/board.o
 .text.SMC_HAL_SetProtection
                0x00001544       0x1c ./board/board.o
 .text.BOARD_InitOsc0
                0x00001560       0x40 ./board/board.o
                0x00001560                BOARD_InitOsc0
 .text.CLOCK_SetBootConfig
                0x000015a0       0x3c ./board/board.o
 .text.BOARD_ClockInit
                0x000015dc       0x44 ./board/board.o
                0x000015dc                BOARD_ClockInit
 .text.dbg_uart_init
                0x00001620       0x24 ./board/board.o
                0x00001620                dbg_uart_init
 .text.hardware_init
                0x00001644       0x24 ./board/hardware_init.o
                0x00001644                hardware_init
 .text.PORT_HAL_SetMuxMode
                0x00001668       0x4c ./board/pin_mux.o
 .text.configure_lpsci_pins
                0x000016b4       0x34 ./board/pin_mux.o
                0x000016b4                configure_lpsci_pins
 .text.UART_HAL_SetBaudRate
                0x000016e8       0x6c C:/Freescale/KSDK_1.3.0/examples/frdmkl25z/demo_apps/hello_world/kds/../../../../../lib/ksdk_platform_lib/kds/KL25Z4/debug/libksdk_platform.a(fsl_uart_hal.o)
                0x000016e8                UART_HAL_SetBaudRate
 .text.UART_HAL_SetParityMode
                0x00001754       0x40 C:/Freescale/KSDK_1.3.0/examples/frdmkl25z/demo_apps/hello_world/kds/../../../../../lib/ksdk_platform_lib/kds/KL25Z4/debug/libksdk_platform.a(fsl_uart_hal.o)
                0x00001754                UART_HAL_SetParityMode
 .text.UART_HAL_Putchar
                0x00001794       0x34 C:/Freescale/KSDK_1.3.0/examples/frdmkl25z/demo_apps/hello_world/kds/../../../../../lib/ksdk_platform_lib/kds/KL25Z4/debug/libksdk_platform.a(fsl_uart_hal.o)
                0x00001794                UART_HAL_Putchar
 .text.UART_HAL_Getchar
                0x000017c8       0x34 C:/Freescale/KSDK_1.3.0/examples/frdmkl25z/demo_apps/hello_world/kds/../../../../../lib/ksdk_platform_lib/kds/KL25Z4/debug/libksdk_platform.a(fsl_uart_hal.o)
                0x000017c8                UART_HAL_Getchar
 .text.UART_HAL_SendDataPolling
                0x000017fc       0x44 C:/Freescale/KSDK_1.3.0/examples/frdmkl25z/demo_apps/hello_world/kds/../../../../../lib/ksdk_platform_lib/kds/KL25Z4/debug/libksdk_platform.a(fsl_uart_hal.o)
                0x000017fc                UART_HAL_SendDataPolling
 .text.UART_HAL_ReceiveDataPolling
                0x00001840       0xa4 C:/Freescale/KSDK_1.3.0/examples/frdmkl25z/demo_apps/hello_world/kds/../../../../../lib/ksdk_platform_lib/kds/KL25Z4/debug/libksdk_platform.a(fsl_uart_hal.o)
                0x00001840                UART_HAL_ReceiveDataPolling
 .text.NVIC_EnableIRQ
                0x000018e4       0x2c C:/Freescale/KSDK_1.3.0/examples/frdmkl25z/demo_apps/hello_world/kds/../../../../../lib/ksdk_platform_lib/kds/KL25Z4/debug/libksdk_platform.a(fsl_lptmr_driver.o)
 .text.NVIC_DisableIRQ
                0x00001910       0x2c C:/Freescale/KSDK_1.3.0/examples/frdmkl25z/demo_apps/hello_world/kds/../../../../../lib/ksdk_platform_lib/kds/KL25Z4/debug/libksdk_platform.a(fsl_lptmr_driver.o)
 .text.LPTMR_HAL_Enable
                0x0000193c       0x1c C:/Freescale/KSDK_1.3.0/examples/frdmkl25z/demo_apps/hello_world/kds/../../../../../lib/ksdk_platform_lib/kds/KL25Z4/debug/libksdk_platform.a(fsl_lptmr_driver.o)
 .text.LPTMR_HAL_Disable
                0x00001958       0x1c C:/Freescale/KSDK_1.3.0/examples/frdmkl25z/demo_apps/hello_world/kds/../../../../../lib/ksdk_platform_lib/kds/KL25Z4/debug/libksdk_platform.a(fsl_lptmr_driver.o)
 .text.LPTMR_HAL_ClearIntFlag
                0x00001974       0x1c C:/Freescale/KSDK_1.3.0/examples/frdmkl25z/demo_apps/hello_world/kds/../../../../../lib/ksdk_platform_lib/kds/KL25Z4/debug/libksdk_platform.a(fsl_lptmr_driver.o)
 .text.LPTMR_HAL_SetIntCmd
                0x00001990       0x24 C:/Freescale/KSDK_1.3.0/examples/frdmkl25z/demo_apps/hello_world/kds/../../../../../lib/ksdk_platform_lib/kds/KL25Z4/debug/libksdk_platform.a(fsl_lptmr_driver.o)
 .text.LPTMR_HAL_SetCompareValue
                0x000019b4       0x20 C:/Freescale/KSDK_1.3.0/examples/frdmkl25z/demo_apps/hello_world/kds/../../../../../lib/ksdk_platform_lib/kds/KL25Z4/debug/libksdk_platform.a(fsl_lptmr_driver.o)
 .text.SIM_HAL_EnableClock
                0x000019d4       0x58 C:/Freescale/KSDK_1.3.0/examples/frdmkl25z/demo_apps/hello_world/kds/../../../../../lib/ksdk_platform_lib/kds/KL25Z4/debug/libksdk_platform.a(fsl_lptmr_driver.o)
 .text.SIM_HAL_GetGateCmd
                0x00001a2c       0x50 C:/Freescale/KSDK_1.3.0/examples/frdmkl25z/demo_apps/hello_world/kds/../../../../../lib/ksdk_platform_lib/kds/KL25Z4/debug/libksdk_platform.a(fsl_lptmr_driver.o)
 .text.INT_SYS_EnableIRQ
                0x00001a7c       0x5c C:/Freescale/KSDK_1.3.0/examples/frdmkl25z/demo_apps/hello_world/kds/../../../../../lib/ksdk_platform_lib/kds/KL25Z4/debug/libksdk_platform.a(fsl_lptmr_driver.o)
 .text.INT_SYS_DisableIRQ
                0x00001ad8       0x5c C:/Freescale/KSDK_1.3.0/examples/frdmkl25z/demo_apps/hello_world/kds/../../../../../lib/ksdk_platform_lib/kds/KL25Z4/debug/libksdk_platform.a(fsl_lptmr_driver.o)
 .text.CLOCK_SYS_EnableLptmrClock
                0x00001b34       0x1c C:/Freescale/KSDK_1.3.0/examples/frdmkl25z/demo_apps/hello_world/kds/../../../../../lib/ksdk_platform_lib/kds/KL25Z4/debug/libksdk_platform.a(fsl_lptmr_driver.o)
 .text.CLOCK_SYS_GetLptmrGateCmd
                0x00001b50       0x20 C:/Freescale/KSDK_1.3.0/examples/frdmkl25z/demo_apps/hello_world/kds/../../../../../lib/ksdk_platform_lib/kds/KL25Z4/debug/libksdk_platform.a(fsl_lptmr_driver.o)
 .text.LPTMR_DRV_Init
                0x00001b70      0x180 C:/Freescale/KSDK_1.3.0/examples/frdmkl25z/demo_apps/hello_world/kds/../../../../../lib/ksdk_platform_lib/kds/KL25Z4/debug/libksdk_platform.a(fsl_lptmr_driver.o)
                0x00001b70                LPTMR_DRV_Init
 .text.LPTMR_DRV_Start
                0x00001cf0       0x68 C:/Freescale/KSDK_1.3.0/examples/frdmkl25z/demo_apps/hello_world/kds/../../../../../lib/ksdk_platform_lib/kds/KL25Z4/debug/libksdk_platform.a(fsl_lptmr_driver.o)
                0x00001cf0                LPTMR_DRV_Start
 .text.LPTMR_DRV_SetTimerPeriodUs
                0x00001d58       0xfc C:/Freescale/KSDK_1.3.0/examples/frdmkl25z/demo_apps/hello_world/kds/../../../../../lib/ksdk_platform_lib/kds/KL25Z4/debug/libksdk_platform.a(fsl_lptmr_driver.o)
                0x00001d58                LPTMR_DRV_SetTimerPeriodUs
 .text.LPTMR_DRV_InstallCallback
                0x00001e54       0x6c C:/Freescale/KSDK_1.3.0/examples/frdmkl25z/demo_apps/hello_world/kds/../../../../../lib/ksdk_platform_lib/kds/KL25Z4/debug/libksdk_platform.a(fsl_lptmr_driver.o)
                0x00001e54                LPTMR_DRV_InstallCallback
 .text.LPTMR_DRV_IRQHandler
                0x00001ec0       0x90 C:/Freescale/KSDK_1.3.0/examples/frdmkl25z/demo_apps/hello_world/kds/../../../../../lib/ksdk_platform_lib/kds/KL25Z4/debug/libksdk_platform.a(fsl_lptmr_driver.o)
                0x00001ec0                LPTMR_DRV_IRQHandler
 .text.LPSCI_HAL_Putchar
                0x00001f50       0x1c C:/Freescale/KSDK_1.3.0/examples/frdmkl25z/demo_apps/hello_world/kds/../../../../../lib/ksdk_platform_lib/kds/KL25Z4/debug/libksdk_platform.a(fsl_lpsci_hal.o)
 .text.LPSCI_HAL_Getchar
                0x00001f6c       0x1c C:/Freescale/KSDK_1.3.0/examples/frdmkl25z/demo_apps/hello_world/kds/../../../../../lib/ksdk_platform_lib/kds/KL25Z4/debug/libksdk_platform.a(fsl_lpsci_hal.o)
 .text.LPSCI_HAL_SetBaudRate
                0x00001f88      0x14c C:/Freescale/KSDK_1.3.0/examples/frdmkl25z/demo_apps/hello_world/kds/../../../../../lib/ksdk_platform_lib/kds/KL25Z4/debug/libksdk_platform.a(fsl_lpsci_hal.o)
                0x00001f88                LPSCI_HAL_SetBaudRate
 .text.LPSCI_HAL_SetParityMode
                0x000020d4       0x40 C:/Freescale/KSDK_1.3.0/examples/frdmkl25z/demo_apps/hello_world/kds/../../../../../lib/ksdk_platform_lib/kds/KL25Z4/debug/libksdk_platform.a(fsl_lpsci_hal.o)
                0x000020d4                LPSCI_HAL_SetParityMode
 .text.LPSCI_HAL_SendDataPolling
                0x00002114       0x44 C:/Freescale/KSDK_1.3.0/examples/frdmkl25z/demo_apps/hello_world/kds/../../../../../lib/ksdk_platform_lib/kds/KL25Z4/debug/libksdk_platform.a(fsl_lpsci_hal.o)
                0x00002114                LPSCI_HAL_SendDataPolling
 .text.LPSCI_HAL_ReceiveDataPolling
                0x00002158       0x88 C:/Freescale/KSDK_1.3.0/examples/frdmkl25z/demo_apps/hello_world/kds/../../../../../lib/ksdk_platform_lib/kds/KL25Z4/debug/libksdk_platform.a(fsl_lpsci_hal.o)
                0x00002158                LPSCI_HAL_ReceiveDataPolling
 .text.PORT_HAL_SetSlewRateMode
                0x000021e0       0x4c C:/Freescale/KSDK_1.3.0/examples/frdmkl25z/demo_apps/hello_world/kds/../../../../../lib/ksdk_platform_lib/kds/KL25Z4/debug/libksdk_platform.a(fsl_gpio_driver.o)
 .text.PORT_HAL_SetDriveStrengthMode
                0x0000222c       0x4c C:/Freescale/KSDK_1.3.0/examples/frdmkl25z/demo_apps/hello_world/kds/../../../../../lib/ksdk_platform_lib/kds/KL25Z4/debug/libksdk_platform.a(fsl_gpio_driver.o)
 .text.PORT_HAL_SetMuxMode
                0x00002278       0x4c C:/Freescale/KSDK_1.3.0/examples/frdmkl25z/demo_apps/hello_world/kds/../../../../../lib/ksdk_platform_lib/kds/KL25Z4/debug/libksdk_platform.a(fsl_gpio_driver.o)
 .text.GPIO_HAL_TogglePinOutput
                0x000022c4       0x3c C:/Freescale/KSDK_1.3.0/examples/frdmkl25z/demo_apps/hello_world/kds/../../../../../lib/ksdk_platform_lib/kds/KL25Z4/debug/libksdk_platform.a(fsl_gpio_driver.o)
 .text.GPIO_DRV_OutputPinInit
                0x00002300       0x9c C:/Freescale/KSDK_1.3.0/examples/frdmkl25z/demo_apps/hello_world/kds/../../../../../lib/ksdk_platform_lib/kds/KL25Z4/debug/libksdk_platform.a(fsl_gpio_driver.o)
                0x00002300                GPIO_DRV_OutputPinInit
 .text.GPIO_DRV_TogglePinOutput
                0x0000239c       0x38 C:/Freescale/KSDK_1.3.0/examples/frdmkl25z/demo_apps/hello_world/kds/../../../../../lib/ksdk_platform_lib/kds/KL25Z4/debug/libksdk_platform.a(fsl_gpio_driver.o)
                0x0000239c                GPIO_DRV_TogglePinOutput
 .text.SIM_HAL_EnableClock
                0x000023d4       0x58 C:/Freescale/KSDK_1.3.0/examples/frdmkl25z/demo_apps/hello_world/kds/../../../../../lib/ksdk_platform_lib/kds/KL25Z4/debug/libksdk_platform.a(fsl_clock_MKL25Z4.o)
 .text.CLOCK_HAL_GetLpsciSrc
                0x0000242c       0x28 C:/Freescale/KSDK_1.3.0/examples/frdmkl25z/demo_apps/hello_world/kds/../../../../../lib/ksdk_platform_lib/kds/KL25Z4/debug/libksdk_platform.a(fsl_clock_MKL25Z4.o)
 .text.CLOCK_HAL_SetExternalRefClock32kSrc
                0x00002454       0x28 C:/Freescale/KSDK_1.3.0/examples/frdmkl25z/demo_apps/hello_world/kds/../../../../../lib/ksdk_platform_lib/kds/KL25Z4/debug/libksdk_platform.a(fsl_clock_MKL25Z4.o)
 .text.CLOCK_HAL_GetExternalRefClock32kSrc
                0x0000247c       0x20 C:/Freescale/KSDK_1.3.0/examples/frdmkl25z/demo_apps/hello_world/kds/../../../../../lib/ksdk_platform_lib/kds/KL25Z4/debug/libksdk_platform.a(fsl_clock_MKL25Z4.o)
 .text.CLOCK_HAL_SetPllfllSel
                0x0000249c       0x2c C:/Freescale/KSDK_1.3.0/examples/frdmkl25z/demo_apps/hello_world/kds/../../../../../lib/ksdk_platform_lib/kds/KL25Z4/debug/libksdk_platform.a(fsl_clock_MKL25Z4.o)
 .text.CLOCK_HAL_GetPllfllSel
                0x000024c8       0x24 C:/Freescale/KSDK_1.3.0/examples/frdmkl25z/demo_apps/hello_world/kds/../../../../../lib/ksdk_platform_lib/kds/KL25Z4/debug/libksdk_platform.a(fsl_clock_MKL25Z4.o)
 .text.CLOCK_HAL_GetOutDiv1
                0x000024ec       0x28 C:/Freescale/KSDK_1.3.0/examples/frdmkl25z/demo_apps/hello_world/kds/../../../../../lib/ksdk_platform_lib/kds/KL25Z4/debug/libksdk_platform.a(fsl_clock_MKL25Z4.o)
 .text.CLOCK_HAL_GetOutDiv4
                0x00002514       0x28 C:/Freescale/KSDK_1.3.0/examples/frdmkl25z/demo_apps/hello_world/kds/../../../../../lib/ksdk_platform_lib/kds/KL25Z4/debug/libksdk_platform.a(fsl_clock_MKL25Z4.o)
 .text.CLOCK_SYS_GetLpoClockFreq
                0x0000253c       0x10 C:/Freescale/KSDK_1.3.0/examples/frdmkl25z/demo_apps/hello_world/kds/../../../../../lib/ksdk_platform_lib/kds/KL25Z4/debug/libksdk_platform.a(fsl_clock_MKL25Z4.o)
 .text.OSC_HAL_GetExternalRefClkCmd
                0x0000254c       0x24 C:/Freescale/KSDK_1.3.0/examples/frdmkl25z/demo_apps/hello_world/kds/../../../../../lib/ksdk_platform_lib/kds/KL25Z4/debug/libksdk_platform.a(fsl_clock_MKL25Z4.o)
 .text.CLOCK_SYS_SetSimConfigration
                0x00002570       0x48 C:/Freescale/KSDK_1.3.0/examples/frdmkl25z/demo_apps/hello_world/kds/../../../../../lib/ksdk_platform_lib/kds/KL25Z4/debug/libksdk_platform.a(fsl_clock_MKL25Z4.o)
                0x00002570                CLOCK_SYS_SetSimConfigration
 .text.CLOCK_SYS_GetSystemClockFreq
                0x000025b8       0x34 C:/Freescale/KSDK_1.3.0/examples/frdmkl25z/demo_apps/hello_world/kds/../../../../../lib/ksdk_platform_lib/kds/KL25Z4/debug/libksdk_platform.a(fsl_clock_MKL25Z4.o)
                0x000025b8                CLOCK_SYS_GetSystemClockFreq
 .text.CLOCK_SYS_GetBusClockFreq
                0x000025ec       0x2c C:/Freescale/KSDK_1.3.0/examples/frdmkl25z/demo_apps/hello_world/kds/../../../../../lib/ksdk_platform_lib/kds/KL25Z4/debug/libksdk_platform.a(fsl_clock_MKL25Z4.o)
                0x000025ec                CLOCK_SYS_GetBusClockFreq
 .text.CLOCK_SYS_GetPllFllClockFreq
                0x00002618       0x5c C:/Freescale/KSDK_1.3.0/examples/frdmkl25z/demo_apps/hello_world/kds/../../../../../lib/ksdk_platform_lib/kds/KL25Z4/debug/libksdk_platform.a(fsl_clock_MKL25Z4.o)
                0x00002618                CLOCK_SYS_GetPllFllClockFreq
 .text.CLOCK_SYS_GetExternalRefClock32kFreq
                0x00002674       0x6c C:/Freescale/KSDK_1.3.0/examples/frdmkl25z/demo_apps/hello_world/kds/../../../../../lib/ksdk_platform_lib/kds/KL25Z4/debug/libksdk_platform.a(fsl_clock_MKL25Z4.o)
                0x00002674                CLOCK_SYS_GetExternalRefClock32kFreq
 .text.CLOCK_SYS_GetOsc0ExternalRefClockFreq
                0x000026e0       0x2c C:/Freescale/KSDK_1.3.0/examples/frdmkl25z/demo_apps/hello_world/kds/../../../../../lib/ksdk_platform_lib/kds/KL25Z4/debug/libksdk_platform.a(fsl_clock_MKL25Z4.o)
                0x000026e0                CLOCK_SYS_GetOsc0ExternalRefClockFreq
 .text.CLOCK_SYS_GetLptmrFreq
                0x0000270c       0x68 C:/Freescale/KSDK_1.3.0/examples/frdmkl25z/demo_apps/hello_world/kds/../../../../../lib/ksdk_platform_lib/kds/KL25Z4/debug/libksdk_platform.a(fsl_clock_MKL25Z4.o)
                0x0000270c                CLOCK_SYS_GetLptmrFreq
 .text.CLOCK_SYS_GetLpsciFreq
                0x00002774       0x68 C:/Freescale/KSDK_1.3.0/examples/frdmkl25z/demo_apps/hello_world/kds/../../../../../lib/ksdk_platform_lib/kds/KL25Z4/debug/libksdk_platform.a(fsl_clock_MKL25Z4.o)
                0x00002774                CLOCK_SYS_GetLpsciFreq
 .text.CLOCK_SYS_GetUartFreq
                0x000027dc       0x2c C:/Freescale/KSDK_1.3.0/examples/frdmkl25z/demo_apps/hello_world/kds/../../../../../lib/ksdk_platform_lib/kds/KL25Z4/debug/libksdk_platform.a(fsl_clock_MKL25Z4.o)
                0x000027dc                CLOCK_SYS_GetUartFreq
 .text.CLOCK_SYS_EnablePortClock
                0x00002808       0x4c C:/Freescale/KSDK_1.3.0/examples/frdmkl25z/demo_apps/hello_world/kds/../../../../../lib/ksdk_platform_lib/kds/KL25Z4/debug/libksdk_platform.a(fsl_clock_MKL25Z4.o)
                0x00002808                CLOCK_SYS_EnablePortClock
 .text.CLOCK_SYS_EnableLpsciClock
                0x00002854       0x40 C:/Freescale/KSDK_1.3.0/examples/frdmkl25z/demo_apps/hello_world/kds/../../../../../lib/ksdk_platform_lib/kds/KL25Z4/debug/libksdk_platform.a(fsl_clock_MKL25Z4.o)
                0x00002854                CLOCK_SYS_EnableLpsciClock
 .text.CLOCK_SYS_EnableUartClock
                0x00002894       0x4c C:/Freescale/KSDK_1.3.0/examples/frdmkl25z/demo_apps/hello_world/kds/../../../../../lib/ksdk_platform_lib/kds/KL25Z4/debug/libksdk_platform.a(fsl_clock_MKL25Z4.o)
                0x00002894                CLOCK_SYS_EnableUartClock
 .text.CLOCK_HAL_SetClkOutSrc
                0x000028e0       0x28 C:/Freescale/KSDK_1.3.0/examples/frdmkl25z/demo_apps/hello_world/kds/../../../../../lib/ksdk_platform_lib/kds/KL25Z4/debug/libksdk_platform.a(fsl_clock_manager.o)
 .text.CLOCK_HAL_SetClksFrdivIrefs
                0x00002908       0x60 C:/Freescale/KSDK_1.3.0/examples/frdmkl25z/demo_apps/hello_world/kds/../../../../../lib/ksdk_platform_lib/kds/KL25Z4/debug/libksdk_platform.a(fsl_clock_manager.o)
 .text.CLOCK_HAL_GetClkOutStat
                0x00002968       0x20 C:/Freescale/KSDK_1.3.0/examples/frdmkl25z/demo_apps/hello_world/kds/../../../../../lib/ksdk_platform_lib/kds/KL25Z4/debug/libksdk_platform.a(fsl_clock_manager.o)
 .text.CLOCK_HAL_GetFllSrc
                0x00002988       0x20 C:/Freescale/KSDK_1.3.0/examples/frdmkl25z/demo_apps/hello_world/kds/../../../../../lib/ksdk_platform_lib/kds/KL25Z4/debug/libksdk_platform.a(fsl_clock_manager.o)
 .text.CLOCK_HAL_IsOsc0Stable
                0x000029a8       0x24 C:/Freescale/KSDK_1.3.0/examples/frdmkl25z/demo_apps/hello_world/kds/../../../../../lib/ksdk_platform_lib/kds/KL25Z4/debug/libksdk_platform.a(fsl_clock_manager.o)
 .text.OSC_HAL_SetExternalRefClkCmd
                0x000029cc       0x28 C:/Freescale/KSDK_1.3.0/examples/frdmkl25z/demo_apps/hello_world/kds/../../../../../lib/ksdk_platform_lib/kds/KL25Z4/debug/libksdk_platform.a(fsl_clock_manager.o)
 .text.OSC_HAL_SetExternalRefClkInStopModeCmd
                0x000029f4       0x28 C:/Freescale/KSDK_1.3.0/examples/frdmkl25z/demo_apps/hello_world/kds/../../../../../lib/ksdk_platform_lib/kds/KL25Z4/debug/libksdk_platform.a(fsl_clock_manager.o)
 .text.CLOCK_SYS_BootToPee
                0x00002a1c       0xd0 C:/Freescale/KSDK_1.3.0/examples/frdmkl25z/demo_apps/hello_world/kds/../../../../../lib/ksdk_platform_lib/kds/KL25Z4/debug/libksdk_platform.a(fsl_clock_manager.o)
                0x00002a1c                CLOCK_SYS_BootToPee
 .text.CLOCK_SYS_OscInit
                0x00002aec       0xf0 C:/Freescale/KSDK_1.3.0/examples/frdmkl25z/demo_apps/hello_world/kds/../../../../../lib/ksdk_platform_lib/kds/KL25Z4/debug/libksdk_platform.a(fsl_clock_manager.o)
                0x00002aec                CLOCK_SYS_OscInit
 .text.CLOCK_SYS_SetOscerConfigration
                0x00002bdc       0x3c C:/Freescale/KSDK_1.3.0/examples/frdmkl25z/demo_apps/hello_world/kds/../../../../../lib/ksdk_platform_lib/kds/KL25Z4/debug/libksdk_platform.a(fsl_clock_manager.o)
                0x00002bdc                CLOCK_SYS_SetOscerConfigration
 .text.CLOCK_HAL_SetOutDiv
                0x00002c18       0x50 C:/Freescale/KSDK_1.3.0/examples/frdmkl25z/demo_apps/hello_world/kds/../../../../../lib/ksdk_platform_lib/kds/KL25Z4/debug/libksdk_platform.a(fsl_sim_hal_MKL25Z4.o)
                0x00002c18                CLOCK_HAL_SetOutDiv
 .text.OSC_HAL_SetCapacitor
                0x00002c68       0x28 C:/Freescale/KSDK_1.3.0/examples/frdmkl25z/demo_apps/hello_world/kds/../../../../../lib/ksdk_platform_lib/kds/KL25Z4/debug/libksdk_platform.a(fsl_osc_hal.o)
                0x00002c68                OSC_HAL_SetCapacitor
 .text.CLOCK_HAL_GetClkOutStat
                0x00002c90       0x20 C:/Freescale/KSDK_1.3.0/examples/frdmkl25z/demo_apps/hello_world/kds/../../../../../lib/ksdk_platform_lib/kds/KL25Z4/debug/libksdk_platform.a(fsl_mcg_hal.o)
 .text.CLOCK_HAL_SetInternalRefClkMode
                0x00002cb0       0x24 C:/Freescale/KSDK_1.3.0/examples/frdmkl25z/demo_apps/hello_world/kds/../../../../../lib/ksdk_platform_lib/kds/KL25Z4/debug/libksdk_platform.a(fsl_mcg_hal.o)
 .text.CLOCK_HAL_GetInternalRefClkMode
                0x00002cd4       0x20 C:/Freescale/KSDK_1.3.0/examples/frdmkl25z/demo_apps/hello_world/kds/../../../../../lib/ksdk_platform_lib/kds/KL25Z4/debug/libksdk_platform.a(fsl_mcg_hal.o)
 .text.CLOCK_HAL_IsPllSelected
                0x00002cf4       0x24 C:/Freescale/KSDK_1.3.0/examples/frdmkl25z/demo_apps/hello_world/kds/../../../../../lib/ksdk_platform_lib/kds/KL25Z4/debug/libksdk_platform.a(fsl_mcg_hal.o)
 .text.CLOCK_HAL_IsOsc0Stable
                0x00002d18       0x24 C:/Freescale/KSDK_1.3.0/examples/frdmkl25z/demo_apps/hello_world/kds/../../../../../lib/ksdk_platform_lib/kds/KL25Z4/debug/libksdk_platform.a(fsl_mcg_hal.o)
 .text.CLOCK_HAL_PrepareOsc
                0x00002d3c       0x3c C:/Freescale/KSDK_1.3.0/examples/frdmkl25z/demo_apps/hello_world/kds/../../../../../lib/ksdk_platform_lib/kds/KL25Z4/debug/libksdk_platform.a(fsl_mcg_hal.o)
                0x00002d3c                CLOCK_HAL_PrepareOsc
 .text.CLOCK_HAL_GetMcgExternalClkFreq
                0x00002d78       0x18 C:/Freescale/KSDK_1.3.0/examples/frdmkl25z/demo_apps/hello_world/kds/../../../../../lib/ksdk_platform_lib/kds/KL25Z4/debug/libksdk_platform.a(fsl_mcg_hal.o)
 .text.CLOCK_HAL_TestFllExternalRefFreq
                0x00002d90       0x7c C:/Freescale/KSDK_1.3.0/examples/frdmkl25z/demo_apps/hello_world/kds/../../../../../lib/ksdk_platform_lib/kds/KL25Z4/debug/libksdk_platform.a(fsl_mcg_hal.o)
                0x00002d90                CLOCK_HAL_TestFllExternalRefFreq
 .text.CLOCK_HAL_GetFllRefClk
                0x00002e0c       0x8c C:/Freescale/KSDK_1.3.0/examples/frdmkl25z/demo_apps/hello_world/kds/../../../../../lib/ksdk_platform_lib/kds/KL25Z4/debug/libksdk_platform.a(fsl_mcg_hal.o)
                0x00002e0c                CLOCK_HAL_GetFllRefClk
 .text.CLOCK_HAL_TestFllFreq
                0x00002e98       0x6c C:/Freescale/KSDK_1.3.0/examples/frdmkl25z/demo_apps/hello_world/kds/../../../../../lib/ksdk_platform_lib/kds/KL25Z4/debug/libksdk_platform.a(fsl_mcg_hal.o)
                0x00002e98                CLOCK_HAL_TestFllFreq
 .text.CLOCK_HAL_GetFllClk
                0x00002f04       0x7c C:/Freescale/KSDK_1.3.0/examples/frdmkl25z/demo_apps/hello_world/kds/../../../../../lib/ksdk_platform_lib/kds/KL25Z4/debug/libksdk_platform.a(fsl_mcg_hal.o)
                0x00002f04                CLOCK_HAL_GetFllClk
 .text.CLOCK_HAL_UpdateFastClkInternalRefDiv
                0x00002f80       0xb8 C:/Freescale/KSDK_1.3.0/examples/frdmkl25z/demo_apps/hello_world/kds/../../../../../lib/ksdk_platform_lib/kds/KL25Z4/debug/libksdk_platform.a(fsl_mcg_hal.o)
                0x00002f80                CLOCK_HAL_UpdateFastClkInternalRefDiv
 .text.CLOCK_HAL_UpdateInternalRefClk
                0x00003038       0x8c C:/Freescale/KSDK_1.3.0/examples/frdmkl25z/demo_apps/hello_world/kds/../../../../../lib/ksdk_platform_lib/kds/KL25Z4/debug/libksdk_platform.a(fsl_mcg_hal.o)
                0x00003038                CLOCK_HAL_UpdateInternalRefClk
 .text.CLOCK_HAL_GetPll0RefFreq
                0x000030c4       0x1c C:/Freescale/KSDK_1.3.0/examples/frdmkl25z/demo_apps/hello_world/kds/../../../../../lib/ksdk_platform_lib/kds/KL25Z4/debug/libksdk_platform.a(fsl_mcg_hal.o)
                0x000030c4                CLOCK_HAL_GetPll0RefFreq
 .text.CLOCK_HAL_GetPll0Clk
                0x000030e0       0x90 C:/Freescale/KSDK_1.3.0/examples/frdmkl25z/demo_apps/hello_world/kds/../../../../../lib/ksdk_platform_lib/kds/KL25Z4/debug/libksdk_platform.a(fsl_mcg_hal.o)
                0x000030e0                CLOCK_HAL_GetPll0Clk
 .text.CLOCK_HAL_GetInternalRefClk
                0x00003170       0x64 C:/Freescale/KSDK_1.3.0/examples/frdmkl25z/demo_apps/hello_world/kds/../../../../../lib/ksdk_platform_lib/kds/KL25Z4/debug/libksdk_platform.a(fsl_mcg_hal.o)
                0x00003170                CLOCK_HAL_GetInternalRefClk
 .text.CLOCK_HAL_GetOutClk
                0x000031d4       0x7c C:/Freescale/KSDK_1.3.0/examples/frdmkl25z/demo_apps/hello_world/kds/../../../../../lib/ksdk_platform_lib/kds/KL25Z4/debug/libksdk_platform.a(fsl_mcg_hal.o)
                0x000031d4                CLOCK_HAL_GetOutClk
 .text.CLOCK_HAL_SetOsc0Mode
                0x00003250       0x68 C:/Freescale/KSDK_1.3.0/examples/frdmkl25z/demo_apps/hello_world/kds/../../../../../lib/ksdk_platform_lib/kds/KL25Z4/debug/libksdk_platform.a(fsl_mcg_hal.o)
                0x00003250                CLOCK_HAL_SetOsc0Mode
 .text.CLOCK_HAL_GetClkOutStat
                0x000032b8       0x20 C:/Freescale/KSDK_1.3.0/examples/frdmkl25z/demo_apps/hello_world/kds/../../../../../lib/ksdk_platform_lib/kds/KL25Z4/debug/libksdk_platform.a(fsl_mcg_hal_modes.o)
 .text.CLOCK_HAL_SetPll0EnableCmd
                0x000032d8       0x28 C:/Freescale/KSDK_1.3.0/examples/frdmkl25z/demo_apps/hello_world/kds/../../../../../lib/ksdk_platform_lib/kds/KL25Z4/debug/libksdk_platform.a(fsl_mcg_hal_modes.o)
 .text.CLOCK_HAL_IsPll0Locked
                0x00003300       0x24 C:/Freescale/KSDK_1.3.0/examples/frdmkl25z/demo_apps/hello_world/kds/../../../../../lib/ksdk_platform_lib/kds/KL25Z4/debug/libksdk_platform.a(fsl_mcg_hal_modes.o)
 .text.CLOCK_HAL_IsPllSelected
                0x00003324       0x24 C:/Freescale/KSDK_1.3.0/examples/frdmkl25z/demo_apps/hello_world/kds/../../../../../lib/ksdk_platform_lib/kds/KL25Z4/debug/libksdk_platform.a(fsl_mcg_hal_modes.o)
 .text.CLOCK_HAL_SetPbeMode
                0x00003348      0x100 C:/Freescale/KSDK_1.3.0/examples/frdmkl25z/demo_apps/hello_world/kds/../../../../../lib/ksdk_platform_lib/kds/KL25Z4/debug/libksdk_platform.a(fsl_mcg_hal_modes.o)
                0x00003348                CLOCK_HAL_SetPbeMode
 .text.LPTMR_HAL_SetTimerWorkingMode
                0x00003448       0x5c C:/Freescale/KSDK_1.3.0/examples/frdmkl25z/demo_apps/hello_world/kds/../../../../../lib/ksdk_platform_lib/kds/KL25Z4/debug/libksdk_platform.a(fsl_lptmr_hal.o)
                0x00003448                LPTMR_HAL_SetTimerWorkingMode
 .text.LPTMR_HAL_SetPrescalerMode
                0x000034a4       0x3c C:/Freescale/KSDK_1.3.0/examples/frdmkl25z/demo_apps/hello_world/kds/../../../../../lib/ksdk_platform_lib/kds/KL25Z4/debug/libksdk_platform.a(fsl_lptmr_hal.o)
                0x000034a4                LPTMR_HAL_SetPrescalerMode
 .text.GPIO_HAL_SetPinDir
                0x000034e0       0x6c C:/Freescale/KSDK_1.3.0/examples/frdmkl25z/demo_apps/hello_world/kds/../../../../../lib/ksdk_platform_lib/kds/KL25Z4/debug/libksdk_platform.a(fsl_gpio_hal.o)
                0x000034e0                GPIO_HAL_SetPinDir
 .text.GPIO_HAL_WritePinOutput
                0x0000354c       0x50 C:/Freescale/KSDK_1.3.0/examples/frdmkl25z/demo_apps/hello_world/kds/../../../../../lib/ksdk_platform_lib/kds/KL25Z4/debug/libksdk_platform.a(fsl_gpio_hal.o)
                0x0000354c                GPIO_HAL_WritePinOutput
 .text.__assert_func
                0x0000359c       0x3c c:/freescale/kds_v3/toolchain/bin/../lib/gcc/arm-none-eabi/4.8.4/../../../../arm-none-eabi/lib/armv6-m\libg_s.a(lib_a-assert.o)
                0x0000359c                __assert_func
 .text.__errno  0x000035d8        0xc c:/freescale/kds_v3/toolchain/bin/../lib/gcc/arm-none-eabi/4.8.4/../../../../arm-none-eabi/lib/armv6-m\libg_s.a(lib_a-errno.o)
                0x000035d8                __errno
 .text.exit     0x000035e4       0x2c c:/freescale/kds_v3/toolchain/bin/../lib/gcc/arm-none-eabi/4.8.4/../../../../arm-none-eabi/lib/armv6-m\libg_s.a(lib_a-exit.o)
                0x000035e4                exit
 .text.fprintf  0x00003610       0x24 c:/freescale/kds_v3/toolchain/bin/../lib/gcc/arm-none-eabi/4.8.4/../../../../arm-none-eabi/lib/armv6-m\libg_s.a(lib_a-fprintf.o)
                0x00003610                fiprintf
                0x00003610                fprintf
 .text.__libc_init_array
                0x00003634       0x4c c:/freescale/kds_v3/toolchain/bin/../lib/gcc/arm-none-eabi/4.8.4/../../../../arm-none-eabi/lib/armv6-m\libg_s.a(lib_a-init.o)
                0x00003634                __libc_init_array
 .text.memset   0x00003680       0x10 c:/freescale/kds_v3/toolchain/bin/../lib/gcc/arm-none-eabi/4.8.4/../../../../arm-none-eabi/lib/armv6-m\libg_s.a(lib_a-memset.o)
                0x00003680                memset
 .text._free_r  0x00003690       0x90 c:/freescale/kds_v3/toolchain/bin/../lib/gcc/arm-none-eabi/4.8.4/../../../../arm-none-eabi/lib/armv6-m\libg_s.a(lib_a-nano-freer.o)
                0x00003690                _free_r
 .text._malloc_r
                0x00003720       0xa8 c:/freescale/kds_v3/toolchain/bin/../lib/gcc/arm-none-eabi/4.8.4/../../../../arm-none-eabi/lib/armv6-m\libg_s.a(lib_a-nano-mallocr.o)
                0x00003720                _malloc_r
 .text._sbrk_r  0x000037c8       0x24 c:/freescale/kds_v3/toolchain/bin/../lib/gcc/arm-none-eabi/4.8.4/../../../../arm-none-eabi/lib/armv6-m\libg_s.a(lib_a-sbrkr.o)
                0x000037c8                _sbrk_r
 .text.strlen   0x000037ec        0xe c:/freescale/kds_v3/toolchain/bin/../lib/gcc/arm-none-eabi/4.8.4/../../../../arm-none-eabi/lib/armv6-m\libg_s.a(lib_a-strlen.o)
                0x000037ec                strlen
 .text.__sfputc_r
                0x000037fa       0x2a c:/freescale/kds_v3/toolchain/bin/../lib/gcc/arm-none-eabi/4.8.4/../../../../arm-none-eabi/lib/armv6-m\libg_s.a(lib_a-vfprintf.o)
 .text.__sfputs_r
                0x00003824       0x24 c:/freescale/kds_v3/toolchain/bin/../lib/gcc/arm-none-eabi/4.8.4/../../../../arm-none-eabi/lib/armv6-m\libg_s.a(lib_a-vfprintf.o)
                0x00003824                __sfputs_r
 .text._vfprintf_r
                0x00003848      0x210 c:/freescale/kds_v3/toolchain/bin/../lib/gcc/arm-none-eabi/4.8.4/../../../../arm-none-eabi/lib/armv6-m\libg_s.a(lib_a-vfprintf.o)
                0x00003848                _vfprintf_r
                0x00003848                _vfiprintf_r
 .text._printf_common
                0x00003a58       0xe8 c:/freescale/kds_v3/toolchain/bin/../lib/gcc/arm-none-eabi/4.8.4/../../../../arm-none-eabi/lib/armv6-m\libg_s.a(lib_a-vfprintf_i.o)
                0x00003a58                _printf_common
 .text._printf_i
                0x00003b40      0x22c c:/freescale/kds_v3/toolchain/bin/../lib/gcc/arm-none-eabi/4.8.4/../../../../arm-none-eabi/lib/armv6-m\libg_s.a(lib_a-vfprintf_i.o)
                0x00003b40                _printf_i
 .text.__swbuf_r
                0x00003d6c       0xb0 c:/freescale/kds_v3/toolchain/bin/../lib/gcc/arm-none-eabi/4.8.4/../../../../arm-none-eabi/lib/armv6-m\libg_s.a(lib_a-wbuf.o)
                0x00003d6c                __swbuf_r
 .text.__swsetup_r
                0x00003e1c       0xe4 c:/freescale/kds_v3/toolchain/bin/../lib/gcc/arm-none-eabi/4.8.4/../../../../arm-none-eabi/lib/armv6-m\libg_s.a(lib_a-wsetup.o)
                0x00003e1c                __swsetup_r
 .text.abort    0x00003f00        0xe c:/freescale/kds_v3/toolchain/bin/../lib/gcc/arm-none-eabi/4.8.4/../../../../arm-none-eabi/lib/armv6-m\libg_s.a(lib_a-abort.o)
                0x00003f00                abort
 .text.__sflush_r
                0x00003f0e      0x112 c:/freescale/kds_v3/toolchain/bin/../lib/gcc/arm-none-eabi/4.8.4/../../../../arm-none-eabi/lib/armv6-m\libg_s.a(lib_a-fflush.o)
                0x00003f0e                __sflush_r
 .text._fflush_r
                0x00004020       0x58 c:/freescale/kds_v3/toolchain/bin/../lib/gcc/arm-none-eabi/4.8.4/../../../../arm-none-eabi/lib/armv6-m\libg_s.a(lib_a-fflush.o)
                0x00004020                _fflush_r
 .text._cleanup_r
                0x00004078       0x34 c:/freescale/kds_v3/toolchain/bin/../lib/gcc/arm-none-eabi/4.8.4/../../../../arm-none-eabi/lib/armv6-m\libg_s.a(lib_a-findfp.o)
                0x00004078                _cleanup_r
 .text.std.isra.0
                0x000040ac       0x48 c:/freescale/kds_v3/toolchain/bin/../lib/gcc/arm-none-eabi/4.8.4/../../../../arm-none-eabi/lib/armv6-m\libg_s.a(lib_a-findfp.o)
 .text.__sfmoreglue
                0x000040f4       0x2c c:/freescale/kds_v3/toolchain/bin/../lib/gcc/arm-none-eabi/4.8.4/../../../../arm-none-eabi/lib/armv6-m\libg_s.a(lib_a-findfp.o)
                0x000040f4                __sfmoreglue
 .text.__sinit  0x00004120       0x64 c:/freescale/kds_v3/toolchain/bin/../lib/gcc/arm-none-eabi/4.8.4/../../../../arm-none-eabi/lib/armv6-m\libg_s.a(lib_a-findfp.o)
                0x00004120                __sinit
 .text.__sfp    0x00004184       0x7c c:/freescale/kds_v3/toolchain/bin/../lib/gcc/arm-none-eabi/4.8.4/../../../../arm-none-eabi/lib/armv6-m\libg_s.a(lib_a-findfp.o)
                0x00004184                __sfp
 .text.__smakebuf_r
                0x00004200       0xa0 c:/freescale/kds_v3/toolchain/bin/../lib/gcc/arm-none-eabi/4.8.4/../../../../arm-none-eabi/lib/armv6-m\libg_s.a(lib_a-makebuf.o)
                0x00004200                __smakebuf_r
 .text.memchr   0x000042a0       0x16 c:/freescale/kds_v3/toolchain/bin/../lib/gcc/arm-none-eabi/4.8.4/../../../../arm-none-eabi/lib/armv6-m\libg_s.a(lib_a-memchr-stub.o)
                0x000042a0                memchr
 .text._raise_r
                0x000042b6       0x56 c:/freescale/kds_v3/toolchain/bin/../lib/gcc/arm-none-eabi/4.8.4/../../../../arm-none-eabi/lib/armv6-m\libg_s.a(lib_a-signal.o)
                0x000042b6                _raise_r
 .text.raise    0x0000430c       0x14 c:/freescale/kds_v3/toolchain/bin/../lib/gcc/arm-none-eabi/4.8.4/../../../../arm-none-eabi/lib/armv6-m\libg_s.a(lib_a-signal.o)
                0x0000430c                raise
 .text._kill_r  0x00004320       0x24 c:/freescale/kds_v3/toolchain/bin/../lib/gcc/arm-none-eabi/4.8.4/../../../../arm-none-eabi/lib/armv6-m\libg_s.a(lib_a-signalr.o)
                0x00004320                _kill_r
 .text._getpid_r
                0x00004344        0x8 c:/freescale/kds_v3/toolchain/bin/../lib/gcc/arm-none-eabi/4.8.4/../../../../arm-none-eabi/lib/armv6-m\libg_s.a(lib_a-signalr.o)
                0x00004344                _getpid_r
 .text.__sread  0x0000434c       0x28 c:/freescale/kds_v3/toolchain/bin/../lib/gcc/arm-none-eabi/4.8.4/../../../../arm-none-eabi/lib/armv6-m\libg_s.a(lib_a-stdio.o)
                0x0000434c                __sread
 .text.__swrite
                0x00004374       0x38 c:/freescale/kds_v3/toolchain/bin/../lib/gcc/arm-none-eabi/4.8.4/../../../../arm-none-eabi/lib/armv6-m\libg_s.a(lib_a-stdio.o)
                0x00004374                __swrite
 .text.__sseek  0x000043ac       0x2c c:/freescale/kds_v3/toolchain/bin/../lib/gcc/arm-none-eabi/4.8.4/../../../../arm-none-eabi/lib/armv6-m\libg_s.a(lib_a-stdio.o)
                0x000043ac                __sseek
 .text.__sclose
                0x000043d8        0xc c:/freescale/kds_v3/toolchain/bin/../lib/gcc/arm-none-eabi/4.8.4/../../../../arm-none-eabi/lib/armv6-m\libg_s.a(lib_a-stdio.o)
                0x000043d8                __sclose
 .text._write_r
                0x000043e4       0x28 c:/freescale/kds_v3/toolchain/bin/../lib/gcc/arm-none-eabi/4.8.4/../../../../arm-none-eabi/lib/armv6-m\libg_s.a(lib_a-writer.o)
                0x000043e4                _write_r
 .text._close_r
                0x0000440c       0x24 c:/freescale/kds_v3/toolchain/bin/../lib/gcc/arm-none-eabi/4.8.4/../../../../arm-none-eabi/lib/armv6-m\libg_s.a(lib_a-closer.o)
                0x0000440c                _close_r
 .text._fstat_r
                0x00004430       0x24 c:/freescale/kds_v3/toolchain/bin/../lib/gcc/arm-none-eabi/4.8.4/../../../../arm-none-eabi/lib/armv6-m\libg_s.a(lib_a-fstatr.o)
                0x00004430                _fstat_r
 .text._isatty_r
                0x00004454       0x24 c:/freescale/kds_v3/toolchain/bin/../lib/gcc/arm-none-eabi/4.8.4/../../../../arm-none-eabi/lib/armv6-m\libg_s.a(lib_a-isattyr.o)
                0x00004454                _isatty_r
 .text._lseek_r
                0x00004478       0x28 c:/freescale/kds_v3/toolchain/bin/../lib/gcc/arm-none-eabi/4.8.4/../../../../arm-none-eabi/lib/armv6-m\libg_s.a(lib_a-lseekr.o)
                0x00004478                _lseek_r
 .text._read_r  0x000044a0       0x28 c:/freescale/kds_v3/toolchain/bin/../lib/gcc/arm-none-eabi/4.8.4/../../../../arm-none-eabi/lib/armv6-m\libg_s.a(lib_a-readr.o)
                0x000044a0                _read_r
 .text._close   0x000044c8       0x10 c:/freescale/kds_v3/toolchain/bin/../lib/gcc/arm-none-eabi/4.8.4/../../../../arm-none-eabi/lib/armv6-m\libnosys.a(close.o)
                0x000044c8                _close
 .text._fstat   0x000044d8       0x10 c:/freescale/kds_v3/toolchain/bin/../lib/gcc/arm-none-eabi/4.8.4/../../../../arm-none-eabi/lib/armv6-m\libnosys.a(fstat.o)
                0x000044d8                _fstat
 .text._getpid  0x000044e8       0x10 c:/freescale/kds_v3/toolchain/bin/../lib/gcc/arm-none-eabi/4.8.4/../../../../arm-none-eabi/lib/armv6-m\libnosys.a(getpid.o)
                0x000044e8                _getpid
 .text._isatty  0x000044f8       0x10 c:/freescale/kds_v3/toolchain/bin/../lib/gcc/arm-none-eabi/4.8.4/../../../../arm-none-eabi/lib/armv6-m\libnosys.a(isatty.o)
                0x000044f8                _isatty
 .text._kill    0x00004508       0x10 c:/freescale/kds_v3/toolchain/bin/../lib/gcc/arm-none-eabi/4.8.4/../../../../arm-none-eabi/lib/armv6-m\libnosys.a(kill.o)
                0x00004508                _kill
 .text._lseek   0x00004518       0x10 c:/freescale/kds_v3/toolchain/bin/../lib/gcc/arm-none-eabi/4.8.4/../../../../arm-none-eabi/lib/armv6-m\libnosys.a(lseek.o)
                0x00004518                _lseek
 .text._exit    0x00004528        0x4 c:/freescale/kds_v3/toolchain/bin/../lib/gcc/arm-none-eabi/4.8.4/../../../../arm-none-eabi/lib/armv6-m\libnosys.a(_exit.o)
                0x00004528                _exit
 *(.rodata)
 .rodata        0x0000452c        0xc ./utilities/fsl_debug_console.o
 .rodata        0x00004538       0x14 ./source/main.o
 .rodata        0x0000454c       0x40 ./board/board.o
 .rodata        0x0000458c       0x40 ./board/pin_mux.o
 .rodata        0x000045cc      0x124 C:/Freescale/KSDK_1.3.0/examples/frdmkl25z/demo_apps/hello_world/kds/../../../../../lib/ksdk_platform_lib/kds/KL25Z4/debug/libksdk_platform.a(fsl_lptmr_driver.o)
 .rodata        0x000046f0       0xf0 C:/Freescale/KSDK_1.3.0/examples/frdmkl25z/demo_apps/hello_world/kds/../../../../../lib/ksdk_platform_lib/kds/KL25Z4/debug/libksdk_platform.a(fsl_gpio_driver.o)
 .rodata        0x000047e0      0x22c C:/Freescale/KSDK_1.3.0/examples/frdmkl25z/demo_apps/hello_world/kds/../../../../../lib/ksdk_platform_lib/kds/KL25Z4/debug/libksdk_platform.a(fsl_clock_MKL25Z4.o)
 .rodata        0x00004a0c       0xcc C:/Freescale/KSDK_1.3.0/examples/frdmkl25z/demo_apps/hello_world/kds/../../../../../lib/ksdk_platform_lib/kds/KL25Z4/debug/libksdk_platform.a(fsl_clock_manager.o)
 .rodata        0x00004ad8       0x4c C:/Freescale/KSDK_1.3.0/examples/frdmkl25z/demo_apps/hello_world/kds/../../../../../lib/ksdk_platform_lib/kds/KL25Z4/debug/libksdk_platform.a(fsl_gpio_hal.o)
 *(.rodata*)
 .rodata._doprint
                0x00004b24       0xc8 ./utilities/print_scan.o
 .rodata.g_defaultClockConfigRun
                0x00004bec       0x14 ./board/board.o
                0x00004bec                g_defaultClockConfigRun
 .rodata.__func__.4998
                0x00004c00       0x14 ./board/board.o
 .rodata.__func__.4978
                0x00004c14       0x14 ./board/pin_mux.o
 .rodata.__func__.6526
                0x00004c28       0x10 C:/Freescale/KSDK_1.3.0/examples/frdmkl25z/demo_apps/hello_world/kds/../../../../../lib/ksdk_platform_lib/kds/KL25Z4/debug/libksdk_platform.a(fsl_lptmr_driver.o)
 .rodata.__func__.5691
                0x00004c38       0x14 C:/Freescale/KSDK_1.3.0/examples/frdmkl25z/demo_apps/hello_world/kds/../../../../../lib/ksdk_platform_lib/kds/KL25Z4/debug/libksdk_platform.a(fsl_lptmr_driver.o)
 .rodata.__func__.5695
                0x00004c4c       0x14 C:/Freescale/KSDK_1.3.0/examples/frdmkl25z/demo_apps/hello_world/kds/../../../../../lib/ksdk_platform_lib/kds/KL25Z4/debug/libksdk_platform.a(fsl_lptmr_driver.o)
 .rodata.__func__.6538
                0x00004c60       0x10 C:/Freescale/KSDK_1.3.0/examples/frdmkl25z/demo_apps/hello_world/kds/../../../../../lib/ksdk_platform_lib/kds/KL25Z4/debug/libksdk_platform.a(fsl_lptmr_driver.o)
 .rodata.__func__.6549
                0x00004c70       0x1c C:/Freescale/KSDK_1.3.0/examples/frdmkl25z/demo_apps/hello_world/kds/../../../../../lib/ksdk_platform_lib/kds/KL25Z4/debug/libksdk_platform.a(fsl_lptmr_driver.o)
 .rodata.__func__.6574
                0x00004c8c       0x1c C:/Freescale/KSDK_1.3.0/examples/frdmkl25z/demo_apps/hello_world/kds/../../../../../lib/ksdk_platform_lib/kds/KL25Z4/debug/libksdk_platform.a(fsl_lptmr_driver.o)
 .rodata.__func__.6578
                0x00004ca8       0x18 C:/Freescale/KSDK_1.3.0/examples/frdmkl25z/demo_apps/hello_world/kds/../../../../../lib/ksdk_platform_lib/kds/KL25Z4/debug/libksdk_platform.a(fsl_lptmr_driver.o)
 .rodata.__func__.4978
                0x00004cc0       0x14 C:/Freescale/KSDK_1.3.0/examples/frdmkl25z/demo_apps/hello_world/kds/../../../../../lib/ksdk_platform_lib/kds/KL25Z4/debug/libksdk_platform.a(fsl_gpio_driver.o)
 .rodata.__func__.4960
                0x00004cd4       0x1c C:/Freescale/KSDK_1.3.0/examples/frdmkl25z/demo_apps/hello_world/kds/../../../../../lib/ksdk_platform_lib/kds/KL25Z4/debug/libksdk_platform.a(fsl_gpio_driver.o)
 .rodata.__func__.4972
                0x00004cf0       0x20 C:/Freescale/KSDK_1.3.0/examples/frdmkl25z/demo_apps/hello_world/kds/../../../../../lib/ksdk_platform_lib/kds/KL25Z4/debug/libksdk_platform.a(fsl_gpio_driver.o)
 .rodata.__func__.5066
                0x00004d10       0x1c C:/Freescale/KSDK_1.3.0/examples/frdmkl25z/demo_apps/hello_world/kds/../../../../../lib/ksdk_platform_lib/kds/KL25Z4/debug/libksdk_platform.a(fsl_gpio_driver.o)
 .rodata.portGateTable
                0x00004d2c        0x8 C:/Freescale/KSDK_1.3.0/examples/frdmkl25z/demo_apps/hello_world/kds/../../../../../lib/ksdk_platform_lib/kds/KL25Z4/debug/libksdk_platform.a(fsl_clock_MKL25Z4.o)
 .rodata.uartGateTable
                0x00004d34        0x4 C:/Freescale/KSDK_1.3.0/examples/frdmkl25z/demo_apps/hello_world/kds/../../../../../lib/ksdk_platform_lib/kds/KL25Z4/debug/libksdk_platform.a(fsl_clock_MKL25Z4.o)
 .rodata.__func__.6456
                0x00004d38       0x1c C:/Freescale/KSDK_1.3.0/examples/frdmkl25z/demo_apps/hello_world/kds/../../../../../lib/ksdk_platform_lib/kds/KL25Z4/debug/libksdk_platform.a(fsl_clock_MKL25Z4.o)
 .rodata.__func__.6529
                0x00004d54       0x1c C:/Freescale/KSDK_1.3.0/examples/frdmkl25z/demo_apps/hello_world/kds/../../../../../lib/ksdk_platform_lib/kds/KL25Z4/debug/libksdk_platform.a(fsl_clock_MKL25Z4.o)
 .rodata.__func__.6534
                0x00004d70       0x1c C:/Freescale/KSDK_1.3.0/examples/frdmkl25z/demo_apps/hello_world/kds/../../../../../lib/ksdk_platform_lib/kds/KL25Z4/debug/libksdk_platform.a(fsl_clock_MKL25Z4.o)
 .rodata.__func__.6614
                0x00004d8c       0x14 C:/Freescale/KSDK_1.3.0/examples/frdmkl25z/demo_apps/hello_world/kds/../../../../../lib/ksdk_platform_lib/kds/KL25Z4/debug/libksdk_platform.a(fsl_clock_manager.o)
 .rodata.g_oscBase
                0x00004da0        0x4 C:/Freescale/KSDK_1.3.0/examples/frdmkl25z/demo_apps/hello_world/kds/../../../../../lib/ksdk_platform_lib/kds/KL25Z4/debug/libksdk_platform.a(fsl_clock_manager_common.o)
                0x00004da0                g_oscBase
 .rodata.fllFactorTable.5209
                0x00004da4       0x10 C:/Freescale/KSDK_1.3.0/examples/frdmkl25z/demo_apps/hello_world/kds/../../../../../lib/ksdk_platform_lib/kds/KL25Z4/debug/libksdk_platform.a(fsl_mcg_hal.o)
 .rodata.g_lptmrBase
                0x00004db4        0x4 C:/Freescale/KSDK_1.3.0/examples/frdmkl25z/demo_apps/hello_world/kds/../../../../../lib/ksdk_platform_lib/kds/KL25Z4/debug/libksdk_platform.a(fsl_lptmr_common.o)
                0x00004db4                g_lptmrBase
 .rodata.g_lptmrIrqId
                0x00004db8        0x4 C:/Freescale/KSDK_1.3.0/examples/frdmkl25z/demo_apps/hello_world/kds/../../../../../lib/ksdk_platform_lib/kds/KL25Z4/debug/libksdk_platform.a(fsl_lptmr_common.o)
                0x00004db8                g_lptmrIrqId
 .rodata.__func__.5059
                0x00004dbc       0x14 C:/Freescale/KSDK_1.3.0/examples/frdmkl25z/demo_apps/hello_world/kds/../../../../../lib/ksdk_platform_lib/kds/KL25Z4/debug/libksdk_platform.a(fsl_gpio_hal.o)
 .rodata.__func__.5065
                0x00004dd0       0x18 C:/Freescale/KSDK_1.3.0/examples/frdmkl25z/demo_apps/hello_world/kds/../../../../../lib/ksdk_platform_lib/kds/KL25Z4/debug/libksdk_platform.a(fsl_gpio_hal.o)
 .rodata.g_gpioBase
                0x00004de8       0x14 C:/Freescale/KSDK_1.3.0/examples/frdmkl25z/demo_apps/hello_world/kds/../../../../../lib/ksdk_platform_lib/kds/KL25Z4/debug/libksdk_platform.a(fsl_gpio_common.o)
                0x00004de8                g_gpioBase
 .rodata.g_portBase
                0x00004dfc       0x14 C:/Freescale/KSDK_1.3.0/examples/frdmkl25z/demo_apps/hello_world/kds/../../../../../lib/ksdk_platform_lib/kds/KL25Z4/debug/libksdk_platform.a(fsl_gpio_common.o)
                0x00004dfc                g_portBase
 .rodata.str1.1
                0x00004e10       0x3c c:/freescale/kds_v3/toolchain/bin/../lib/gcc/arm-none-eabi/4.8.4/../../../../arm-none-eabi/lib/armv6-m\libg_s.a(lib_a-assert.o)
                                 0x3d (size before relaxing)
 .rodata.str1.1
                0x00004e4c        0x2 c:/freescale/kds_v3/toolchain/bin/../lib/gcc/arm-none-eabi/4.8.4/../../../../arm-none-eabi/lib/armv6-m\libg_s.a(lib_a-impure.o)
 *fill*         0x00004e4e        0x2 
 .rodata._global_impure_ptr
                0x00004e50        0x4 c:/freescale/kds_v3/toolchain/bin/../lib/gcc/arm-none-eabi/4.8.4/../../../../arm-none-eabi/lib/armv6-m\libg_s.a(lib_a-impure.o)
                0x00004e50                _global_impure_ptr
 .rodata.str1.1
                0x00004e54       0x11 c:/freescale/kds_v3/toolchain/bin/../lib/gcc/arm-none-eabi/4.8.4/../../../../arm-none-eabi/lib/armv6-m\libg_s.a(lib_a-vfprintf.o)
 .rodata.str1.1
                0x00004e65       0x22 c:/freescale/kds_v3/toolchain/bin/../lib/gcc/arm-none-eabi/4.8.4/../../../../arm-none-eabi/lib/armv6-m\libg_s.a(lib_a-vfprintf_i.o)
 *fill*         0x00004e87        0x1 
 .rodata.__sf_fake_stdin
                0x00004e88       0x20 c:/freescale/kds_v3/toolchain/bin/../lib/gcc/arm-none-eabi/4.8.4/../../../../arm-none-eabi/lib/armv6-m\libg_s.a(lib_a-findfp.o)
                0x00004e88                __sf_fake_stdin
 .rodata.__sf_fake_stdout
                0x00004ea8       0x20 c:/freescale/kds_v3/toolchain/bin/../lib/gcc/arm-none-eabi/4.8.4/../../../../arm-none-eabi/lib/armv6-m\libg_s.a(lib_a-findfp.o)
                0x00004ea8                __sf_fake_stdout
 .rodata.__sf_fake_stderr
                0x00004ec8       0x20 c:/freescale/kds_v3/toolchain/bin/../lib/gcc/arm-none-eabi/4.8.4/../../../../arm-none-eabi/lib/armv6-m\libg_s.a(lib_a-findfp.o)
                0x00004ec8                __sf_fake_stderr
 *(.glue_7)
 .glue_7        0x00000000        0x0 linker stubs
 *(.glue_7t)
 .glue_7t       0x00000000        0x0 linker stubs
 *(.eh_frame)
 .eh_frame      0x00004ee8        0x0 c:/freescale/kds_v3/toolchain/bin/../lib/gcc/arm-none-eabi/4.8.4/armv6-m/crtbegin.o
 *(.init)
 .init          0x00004ee8        0x4 c:/freescale/kds_v3/toolchain/bin/../lib/gcc/arm-none-eabi/4.8.4/armv6-m/crti.o
                0x00004ee8                _init
 .init          0x00004eec        0x8 c:/freescale/kds_v3/toolchain/bin/../lib/gcc/arm-none-eabi/4.8.4/armv6-m/crtn.o
 *(.fini)
 .fini          0x00004ef4        0x4 c:/freescale/kds_v3/toolchain/bin/../lib/gcc/arm-none-eabi/4.8.4/armv6-m/crti.o
                0x00004ef4                _fini
 .fini          0x00004ef8        0x8 c:/freescale/kds_v3/toolchain/bin/../lib/gcc/arm-none-eabi/4.8.4/armv6-m/crtn.o
                0x00004f00                . = ALIGN (0x4)

.vfp11_veneer   0x00004f00        0x0
 .vfp11_veneer  0x00000000        0x0 linker stubs

.v4_bx          0x00004f00        0x0
 .v4_bx         0x00000000        0x0 linker stubs

.iplt           0x00004f00        0x0
 .iplt          0x00000000        0x0 c:/freescale/kds_v3/toolchain/bin/../lib/gcc/arm-none-eabi/4.8.4/armv6-m/crtbegin.o

.ARM.extab
 *(.ARM.extab* .gnu.linkonce.armextab.*)

.ARM            0x00004f00        0x8
                0x00004f00                __exidx_start = .
 *(.ARM.exidx*)
 .ARM.exidx     0x00004f00        0x8 c:/freescale/kds_v3/toolchain/bin/../lib/gcc/arm-none-eabi/4.8.4/../../../../arm-none-eabi/lib/armv6-m/crt0.o
                0x00004f08                __exidx_end = .

.rel.dyn        0x00004f08        0x0
 .rel.iplt      0x00000000        0x0 c:/freescale/kds_v3/toolchain/bin/../lib/gcc/arm-none-eabi/4.8.4/armv6-m/crtbegin.o

.ctors          0x00004f08        0x0
                0x00004f08                __CTOR_LIST__ = .
 *crtbegin.o(.ctors)
 *crtbegin?.o(.ctors)
 *(EXCLUDE_FILE(*crtend.o *crtend?.o) .ctors)
 *(SORT(.ctors.*))
 *(.ctors)
                0x00004f08                __CTOR_END__ = .

.dtors          0x00004f08        0x0
                0x00004f08                __DTOR_LIST__ = .
 *crtbegin.o(.dtors)
 *crtbegin?.o(.dtors)
 *(EXCLUDE_FILE(*crtend.o *crtend?.o) .dtors)
 *(SORT(.dtors.*))
 *(.dtors)
                0x00004f08                __DTOR_END__ = .

.preinit_array  0x00004f08        0x0
                0x00004f08                PROVIDE (__preinit_array_start, .)
 *(.preinit_array*)
                0x00004f08                PROVIDE (__preinit_array_end, .)

.init_array     0x00004f08        0x4
                0x00004f08                PROVIDE (__init_array_start, .)
 *(SORT(.init_array.*))
 *(.init_array*)
 .init_array    0x00004f08        0x4 c:/freescale/kds_v3/toolchain/bin/../lib/gcc/arm-none-eabi/4.8.4/armv6-m/crtbegin.o
                0x00004f0c                PROVIDE (__init_array_end, .)

.fini_array     0x00004f0c        0x4
                0x00004f0c                PROVIDE (__fini_array_start, .)
 *(SORT(.fini_array.*))
 *(.fini_array*)
 .fini_array    0x00004f0c        0x4 c:/freescale/kds_v3/toolchain/bin/../lib/gcc/arm-none-eabi/4.8.4/armv6-m/crtbegin.o
                0x00004f10                PROVIDE (__fini_array_end, .)
                0x00004f10                __etext = .
                0x00004f10                __DATA_ROM = .

.mtb            0x1ffff000        0x0
                0x1ffff000                . = ALIGN (0x8)
                0x1ffff000                _mtb_start = .
 *(.mtb_buf)
                0x1ffff000                . = ALIGN (0x8)
                0x1ffff000                _mtb_end = .

.interrupts_ram
                0x1ffff000        0x0
                0x1ffff000                . = ALIGN (0x4)
                0x1ffff000                __VECTOR_RAM__ = .
                0x1ffff000                __interrupts_ram_start__ = .
 *(.m_interrupts_ram)
                0x1ffff000                . = (. + M_VECTOR_RAM_SIZE)
                0x1ffff000                . = ALIGN (0x4)
                0x1ffff000                __interrupts_ram_end__ = .
                0x00000000                __VECTOR_RAM = DEFINED (__ram_vector_table__)?__VECTOR_RAM__:ORIGIN (m_interrupts)
                0x00000000                __RAM_VECTOR_TABLE_SIZE_BYTES = DEFINED (__ram_vector_table__)?(__interrupts_ram_end__ - __interrupts_ram_start__):0x0

.data           0x1ffff000       0xa4 load address 0x00004f10
                0x1ffff000                . = ALIGN (0x4)
                0x1ffff000                __DATA_RAM = .
                0x1ffff000                __data_start__ = .
 *(.data)
 *(.data*)
 .data.SystemCoreClock
                0x1ffff000        0x4 ./startup/system_MKL25Z4.o
                0x1ffff000                SystemCoreClock
 .data.ledPins  0x1ffff004       0x30 ./board/gpio_pins.o
                0x1ffff004                ledPins
 .data.g_fastInternalRefClkFreq
                0x1ffff034        0x4 C:/Freescale/KSDK_1.3.0/examples/frdmkl25z/demo_apps/hello_world/kds/../../../../../lib/ksdk_platform_lib/kds/KL25Z4/debug/libksdk_platform.a(fsl_mcg_hal.o)
                0x1ffff034                g_fastInternalRefClkFreq
 .data.g_slowInternalRefClkFreq
                0x1ffff038        0x4 C:/Freescale/KSDK_1.3.0/examples/frdmkl25z/demo_apps/hello_world/kds/../../../../../lib/ksdk_platform_lib/kds/KL25Z4/debug/libksdk_platform.a(fsl_mcg_hal.o)
                0x1ffff038                g_slowInternalRefClkFreq
 .data.impure_data
                0x1ffff03c       0x60 c:/freescale/kds_v3/toolchain/bin/../lib/gcc/arm-none-eabi/4.8.4/../../../../arm-none-eabi/lib/armv6-m\libg_s.a(lib_a-impure.o)
 .data._impure_ptr
                0x1ffff09c        0x4 c:/freescale/kds_v3/toolchain/bin/../lib/gcc/arm-none-eabi/4.8.4/../../../../arm-none-eabi/lib/armv6-m\libg_s.a(lib_a-impure.o)
                0x1ffff09c                _impure_ptr
 *(.jcr*)
 .jcr           0x1ffff0a0        0x0 c:/freescale/kds_v3/toolchain/bin/../lib/gcc/arm-none-eabi/4.8.4/armv6-m/crtbegin.o
 .jcr           0x1ffff0a0        0x4 c:/freescale/kds_v3/toolchain/bin/../lib/gcc/arm-none-eabi/4.8.4/armv6-m/crtend.o
                0x1ffff0a4                . = ALIGN (0x4)
                0x1ffff0a4                __data_end__ = .
                0x00004fb4                __DATA_END = (__DATA_ROM + (__data_end__ - __data_start__))
                0x00020000                text_end = (ORIGIN (m_text) + 0x1fbf0)
                0x00000001                ASSERT ((__DATA_END <= text_end), region m_text overflowed with text and data)

.igot.plt       0x1ffff0a4        0x0 load address 0x00004fb4
 .igot.plt      0x00000000        0x0 c:/freescale/kds_v3/toolchain/bin/../lib/gcc/arm-none-eabi/4.8.4/armv6-m/crtbegin.o

.bss            0x1ffff0a4       0x48 load address 0x00004fb4
                0x1ffff0a4                . = ALIGN (0x4)
                0x1ffff0a4                __START_BSS = .
                0x1ffff0a4                __bss_start__ = .
 *(.bss)
 .bss           0x1ffff0a4       0x1c c:/freescale/kds_v3/toolchain/bin/../lib/gcc/arm-none-eabi/4.8.4/armv6-m/crtbegin.o
 *(.bss*)
 .bss.s_debugConsole
                0x1ffff0c0       0x10 ./utilities/fsl_debug_console.o
 .bss.heap_end.5140
                0x1ffff0d0        0x4 ./utilities/fsl_misc_utilities.o
 .bss.g_xtal0ClkFreq
                0x1ffff0d4        0x4 C:/Freescale/KSDK_1.3.0/examples/frdmkl25z/demo_apps/hello_world/kds/../../../../../lib/ksdk_platform_lib/kds/KL25Z4/debug/libksdk_platform.a(fsl_mcg_hal.o)
                0x1ffff0d4                g_xtal0ClkFreq
 .bss.g_xtalRtcClkFreq
                0x1ffff0d8        0x4 C:/Freescale/KSDK_1.3.0/examples/frdmkl25z/demo_apps/hello_world/kds/../../../../../lib/ksdk_platform_lib/kds/KL25Z4/debug/libksdk_platform.a(fsl_mcg_hal.o)
                0x1ffff0d8                g_xtalRtcClkFreq
 .bss.g_lptmrStatePtr
                0x1ffff0dc        0x4 C:/Freescale/KSDK_1.3.0/examples/frdmkl25z/demo_apps/hello_world/kds/../../../../../lib/ksdk_platform_lib/kds/KL25Z4/debug/libksdk_platform.a(fsl_lptmr_common.o)
                0x1ffff0dc                g_lptmrStatePtr
 .bss.__malloc_sbrk_start
                0x1ffff0e0        0x4 c:/freescale/kds_v3/toolchain/bin/../lib/gcc/arm-none-eabi/4.8.4/../../../../arm-none-eabi/lib/armv6-m\libg_s.a(lib_a-nano-mallocr.o)
                0x1ffff0e0                __malloc_sbrk_start
 .bss.__malloc_free_list
                0x1ffff0e4        0x4 c:/freescale/kds_v3/toolchain/bin/../lib/gcc/arm-none-eabi/4.8.4/../../../../arm-none-eabi/lib/armv6-m\libg_s.a(lib_a-nano-mallocr.o)
                0x1ffff0e4                __malloc_free_list
 *(COMMON)
 COMMON         0x1ffff0e8        0x4 c:/freescale/kds_v3/toolchain/bin/../lib/gcc/arm-none-eabi/4.8.4/../../../../arm-none-eabi/lib/armv6-m\libg_s.a(lib_a-reent.o)
                0x1ffff0e8                errno
                0x1ffff0ec                . = ALIGN (0x4)
                0x1ffff0ec                __bss_end__ = .
                0x1ffff0ec                __END_BSS = .

.heap           0x1ffff0ec      0x204 load address 0x00004ffc
                0x1ffff0f0                . = ALIGN (0x8)
 *fill*         0x1ffff0ec        0x4 
                0x1ffff0f0                __end__ = .
                0x1ffff0f0                PROVIDE (end, .)
                0x1ffff0f0                __HeapBase = .
                0x1ffff2f0                . = (. + HEAP_SIZE)
 *fill*         0x1ffff0f0      0x200 
                0x1ffff2f0                __HeapLimit = .

.stack          0x1ffff2f0      0x400 load address 0x00005200
                0x1ffff2f0                . = ALIGN (0x8)
                0x1ffff6f0                . = (. + STACK_SIZE)
 *fill*         0x1ffff2f0      0x400 
                0x20003000                __StackTop = (ORIGIN (m_data) + 0x4000)
                0x20002c00                __StackLimit = (__StackTop - STACK_SIZE)
                0x20003000                PROVIDE (__stack, __StackTop)

.ARM.attributes
                0x00000000       0x28
 *(.ARM.attributes)
 .ARM.attributes
                0x00000000       0x1e c:/freescale/kds_v3/toolchain/bin/../lib/gcc/arm-none-eabi/4.8.4/armv6-m/crti.o
 .ARM.attributes
                0x0000001e       0x2c c:/freescale/kds_v3/toolchain/bin/../lib/gcc/arm-none-eabi/4.8.4/armv6-m/crtbegin.o
 .ARM.attributes
                0x0000004a       0x1b c:/freescale/kds_v3/toolchain/bin/../lib/gcc/arm-none-eabi/4.8.4/../../../../arm-none-eabi/lib/armv6-m/crt0.o
 .ARM.attributes
                0x00000065       0x32 ./utilities/fsl_debug_console.o
 .ARM.attributes
                0x00000097       0x32 ./utilities/fsl_misc_utilities.o
 .ARM.attributes
                0x000000c9       0x32 ./utilities/print_scan.o
 .ARM.attributes
                0x000000fb       0x32 ./startup/startup.o
 .ARM.attributes
                0x0000012d       0x1b ./startup/startup_MKL25Z4.o
 .ARM.attributes
                0x00000148       0x32 ./startup/system_MKL25Z4.o
 .ARM.attributes
                0x0000017a       0x32 ./source/fsl_lptmr_irq.o
 .ARM.attributes
                0x000001ac       0x32 ./source/main.o
 .ARM.attributes
                0x000001de       0x32 ./board/board.o
 .ARM.attributes
                0x00000210       0x32 ./board/gpio_pins.o
 .ARM.attributes
                0x00000242       0x32 ./board/hardware_init.o
 .ARM.attributes
                0x00000274       0x32 ./board/pin_mux.o
 .ARM.attributes
                0x000002a6       0x32 C:/Freescale/KSDK_1.3.0/examples/frdmkl25z/demo_apps/hello_world/kds/../../../../../lib/ksdk_platform_lib/kds/KL25Z4/debug/libksdk_platform.a(fsl_uart_hal.o)
 .ARM.attributes
                0x000002d8       0x32 C:/Freescale/KSDK_1.3.0/examples/frdmkl25z/demo_apps/hello_world/kds/../../../../../lib/ksdk_platform_lib/kds/KL25Z4/debug/libksdk_platform.a(fsl_lptmr_driver.o)
 .ARM.attributes
                0x0000030a       0x32 C:/Freescale/KSDK_1.3.0/examples/frdmkl25z/demo_apps/hello_world/kds/../../../../../lib/ksdk_platform_lib/kds/KL25Z4/debug/libksdk_platform.a(fsl_lpsci_hal.o)
 .ARM.attributes
                0x0000033c       0x32 C:/Freescale/KSDK_1.3.0/examples/frdmkl25z/demo_apps/hello_world/kds/../../../../../lib/ksdk_platform_lib/kds/KL25Z4/debug/libksdk_platform.a(fsl_gpio_driver.o)
 .ARM.attributes
                0x0000036e       0x32 C:/Freescale/KSDK_1.3.0/examples/frdmkl25z/demo_apps/hello_world/kds/../../../../../lib/ksdk_platform_lib/kds/KL25Z4/debug/libksdk_platform.a(fsl_clock_MKL25Z4.o)
 .ARM.attributes
                0x000003a0       0x32 C:/Freescale/KSDK_1.3.0/examples/frdmkl25z/demo_apps/hello_world/kds/../../../../../lib/ksdk_platform_lib/kds/KL25Z4/debug/libksdk_platform.a(fsl_clock_manager.o)
 .ARM.attributes
                0x000003d2       0x32 C:/Freescale/KSDK_1.3.0/examples/frdmkl25z/demo_apps/hello_world/kds/../../../../../lib/ksdk_platform_lib/kds/KL25Z4/debug/libksdk_platform.a(fsl_clock_manager_common.o)
 .ARM.attributes
                0x00000404       0x32 C:/Freescale/KSDK_1.3.0/examples/frdmkl25z/demo_apps/hello_world/kds/../../../../../lib/ksdk_platform_lib/kds/KL25Z4/debug/libksdk_platform.a(fsl_sim_hal_MKL25Z4.o)
 .ARM.attributes
                0x00000436       0x32 C:/Freescale/KSDK_1.3.0/examples/frdmkl25z/demo_apps/hello_world/kds/../../../../../lib/ksdk_platform_lib/kds/KL25Z4/debug/libksdk_platform.a(fsl_osc_hal.o)
 .ARM.attributes
                0x00000468       0x32 C:/Freescale/KSDK_1.3.0/examples/frdmkl25z/demo_apps/hello_world/kds/../../../../../lib/ksdk_platform_lib/kds/KL25Z4/debug/libksdk_platform.a(fsl_mcg_hal.o)
 .ARM.attributes
                0x0000049a       0x32 C:/Freescale/KSDK_1.3.0/examples/frdmkl25z/demo_apps/hello_world/kds/../../../../../lib/ksdk_platform_lib/kds/KL25Z4/debug/libksdk_platform.a(fsl_mcg_hal_modes.o)
 .ARM.attributes
                0x000004cc       0x32 C:/Freescale/KSDK_1.3.0/examples/frdmkl25z/demo_apps/hello_world/kds/../../../../../lib/ksdk_platform_lib/kds/KL25Z4/debug/libksdk_platform.a(fsl_lptmr_hal.o)
 .ARM.attributes
                0x000004fe       0x32 C:/Freescale/KSDK_1.3.0/examples/frdmkl25z/demo_apps/hello_world/kds/../../../../../lib/ksdk_platform_lib/kds/KL25Z4/debug/libksdk_platform.a(fsl_lptmr_common.o)
 .ARM.attributes
                0x00000530       0x32 C:/Freescale/KSDK_1.3.0/examples/frdmkl25z/demo_apps/hello_world/kds/../../../../../lib/ksdk_platform_lib/kds/KL25Z4/debug/libksdk_platform.a(fsl_gpio_hal.o)
 .ARM.attributes
                0x00000562       0x32 C:/Freescale/KSDK_1.3.0/examples/frdmkl25z/demo_apps/hello_world/kds/../../../../../lib/ksdk_platform_lib/kds/KL25Z4/debug/libksdk_platform.a(fsl_gpio_common.o)
 .ARM.attributes
                0x00000594       0x2c c:/freescale/kds_v3/toolchain/bin/../lib/gcc/arm-none-eabi/4.8.4/../../../../arm-none-eabi/lib/armv6-m\libg_s.a(lib_a-assert.o)
 .ARM.attributes
                0x000005c0       0x2c c:/freescale/kds_v3/toolchain/bin/../lib/gcc/arm-none-eabi/4.8.4/../../../../arm-none-eabi/lib/armv6-m\libg_s.a(lib_a-errno.o)
 .ARM.attributes
                0x000005ec       0x2c c:/freescale/kds_v3/toolchain/bin/../lib/gcc/arm-none-eabi/4.8.4/../../../../arm-none-eabi/lib/armv6-m\libg_s.a(lib_a-exit.o)
 .ARM.attributes
                0x00000618       0x2c c:/freescale/kds_v3/toolchain/bin/../lib/gcc/arm-none-eabi/4.8.4/../../../../arm-none-eabi/lib/armv6-m\libg_s.a(lib_a-fprintf.o)
 .ARM.attributes
                0x00000644       0x2c c:/freescale/kds_v3/toolchain/bin/../lib/gcc/arm-none-eabi/4.8.4/../../../../arm-none-eabi/lib/armv6-m\libg_s.a(lib_a-impure.o)
 .ARM.attributes
                0x00000670       0x2c c:/freescale/kds_v3/toolchain/bin/../lib/gcc/arm-none-eabi/4.8.4/../../../../arm-none-eabi/lib/armv6-m\libg_s.a(lib_a-init.o)
 .ARM.attributes
                0x0000069c       0x2c c:/freescale/kds_v3/toolchain/bin/../lib/gcc/arm-none-eabi/4.8.4/../../../../arm-none-eabi/lib/armv6-m\libg_s.a(lib_a-memset.o)
 .ARM.attributes
                0x000006c8       0x2c c:/freescale/kds_v3/toolchain/bin/../lib/gcc/arm-none-eabi/4.8.4/../../../../arm-none-eabi/lib/armv6-m\libg_s.a(lib_a-nano-freer.o)
 .ARM.attributes
                0x000006f4       0x2c c:/freescale/kds_v3/toolchain/bin/../lib/gcc/arm-none-eabi/4.8.4/../../../../arm-none-eabi/lib/armv6-m\libg_s.a(lib_a-nano-mallocr.o)
 .ARM.attributes
                0x00000720       0x2c c:/freescale/kds_v3/toolchain/bin/../lib/gcc/arm-none-eabi/4.8.4/../../../../arm-none-eabi/lib/armv6-m\libg_s.a(lib_a-sbrkr.o)
 .ARM.attributes
                0x0000074c       0x2c c:/freescale/kds_v3/toolchain/bin/../lib/gcc/arm-none-eabi/4.8.4/../../../../arm-none-eabi/lib/armv6-m\libg_s.a(lib_a-strlen.o)
 .ARM.attributes
                0x00000778       0x2c c:/freescale/kds_v3/toolchain/bin/../lib/gcc/arm-none-eabi/4.8.4/../../../../arm-none-eabi/lib/armv6-m\libg_s.a(lib_a-vfprintf.o)
 .ARM.attributes
                0x000007a4       0x2c c:/freescale/kds_v3/toolchain/bin/../lib/gcc/arm-none-eabi/4.8.4/../../../../arm-none-eabi/lib/armv6-m\libg_s.a(lib_a-vfprintf_i.o)
 .ARM.attributes
                0x000007d0       0x2c c:/freescale/kds_v3/toolchain/bin/../lib/gcc/arm-none-eabi/4.8.4/../../../../arm-none-eabi/lib/armv6-m\libg_s.a(lib_a-wbuf.o)
 .ARM.attributes
                0x000007fc       0x2c c:/freescale/kds_v3/toolchain/bin/../lib/gcc/arm-none-eabi/4.8.4/../../../../arm-none-eabi/lib/armv6-m\libg_s.a(lib_a-wsetup.o)
 .ARM.attributes
                0x00000828       0x2c c:/freescale/kds_v3/toolchain/bin/../lib/gcc/arm-none-eabi/4.8.4/../../../../arm-none-eabi/lib/armv6-m\libg_s.a(lib_a-abort.o)
 .ARM.attributes
                0x00000854       0x2c c:/freescale/kds_v3/toolchain/bin/../lib/gcc/arm-none-eabi/4.8.4/../../../../arm-none-eabi/lib/armv6-m\libg_s.a(lib_a-fflush.o)
 .ARM.attributes
                0x00000880       0x2c c:/freescale/kds_v3/toolchain/bin/../lib/gcc/arm-none-eabi/4.8.4/../../../../arm-none-eabi/lib/armv6-m\libg_s.a(lib_a-findfp.o)
 .ARM.attributes
                0x000008ac       0x2c c:/freescale/kds_v3/toolchain/bin/../lib/gcc/arm-none-eabi/4.8.4/../../../../arm-none-eabi/lib/armv6-m\libg_s.a(lib_a-makebuf.o)
 .ARM.attributes
                0x000008d8       0x2c c:/freescale/kds_v3/toolchain/bin/../lib/gcc/arm-none-eabi/4.8.4/../../../../arm-none-eabi/lib/armv6-m\libg_s.a(lib_a-memchr-stub.o)
 .ARM.attributes
                0x00000904       0x2c c:/freescale/kds_v3/toolchain/bin/../lib/gcc/arm-none-eabi/4.8.4/../../../../arm-none-eabi/lib/armv6-m\libg_s.a(lib_a-reent.o)
 .ARM.attributes
                0x00000930       0x2c c:/freescale/kds_v3/toolchain/bin/../lib/gcc/arm-none-eabi/4.8.4/../../../../arm-none-eabi/lib/armv6-m\libg_s.a(lib_a-signal.o)
 .ARM.attributes
                0x0000095c       0x2c c:/freescale/kds_v3/toolchain/bin/../lib/gcc/arm-none-eabi/4.8.4/../../../../arm-none-eabi/lib/armv6-m\libg_s.a(lib_a-signalr.o)
 .ARM.attributes
                0x00000988       0x2c c:/freescale/kds_v3/toolchain/bin/../lib/gcc/arm-none-eabi/4.8.4/../../../../arm-none-eabi/lib/armv6-m\libg_s.a(lib_a-stdio.o)
 .ARM.attributes
                0x000009b4       0x2c c:/freescale/kds_v3/toolchain/bin/../lib/gcc/arm-none-eabi/4.8.4/../../../../arm-none-eabi/lib/armv6-m\libg_s.a(lib_a-writer.o)
 .ARM.attributes
                0x000009e0       0x2c c:/freescale/kds_v3/toolchain/bin/../lib/gcc/arm-none-eabi/4.8.4/../../../../arm-none-eabi/lib/armv6-m\libg_s.a(lib_a-closer.o)
 .ARM.attributes
                0x00000a0c       0x2c c:/freescale/kds_v3/toolchain/bin/../lib/gcc/arm-none-eabi/4.8.4/../../../../arm-none-eabi/lib/armv6-m\libg_s.a(lib_a-fstatr.o)
 .ARM.attributes
                0x00000a38       0x2c c:/freescale/kds_v3/toolchain/bin/../lib/gcc/arm-none-eabi/4.8.4/../../../../arm-none-eabi/lib/armv6-m\libg_s.a(lib_a-isattyr.o)
 .ARM.attributes
                0x00000a64       0x2c c:/freescale/kds_v3/toolchain/bin/../lib/gcc/arm-none-eabi/4.8.4/../../../../arm-none-eabi/lib/armv6-m\libg_s.a(lib_a-lseekr.o)
 .ARM.attributes
                0x00000a90       0x2c c:/freescale/kds_v3/toolchain/bin/../lib/gcc/arm-none-eabi/4.8.4/../../../../arm-none-eabi/lib/armv6-m\libg_s.a(lib_a-readr.o)
 .ARM.attributes
                0x00000abc       0x1e c:/freescale/kds_v3/toolchain/bin/../lib/gcc/arm-none-eabi/4.8.4/armv6-m\libgcc.a(_udivsi3.o)
 .ARM.attributes
                0x00000ada       0x1e c:/freescale/kds_v3/toolchain/bin/../lib/gcc/arm-none-eabi/4.8.4/armv6-m\libgcc.a(_divsi3.o)
 .ARM.attributes
                0x00000af8       0x1e c:/freescale/kds_v3/toolchain/bin/../lib/gcc/arm-none-eabi/4.8.4/armv6-m\libgcc.a(_dvmd_tls.o)
 .ARM.attributes
                0x00000b16       0x2c c:/freescale/kds_v3/toolchain/bin/../lib/gcc/arm-none-eabi/4.8.4/../../../../arm-none-eabi/lib/armv6-m\libnosys.a(close.o)
 .ARM.attributes
                0x00000b42       0x2c c:/freescale/kds_v3/toolchain/bin/../lib/gcc/arm-none-eabi/4.8.4/../../../../arm-none-eabi/lib/armv6-m\libnosys.a(fstat.o)
 .ARM.attributes
                0x00000b6e       0x2c c:/freescale/kds_v3/toolchain/bin/../lib/gcc/arm-none-eabi/4.8.4/../../../../arm-none-eabi/lib/armv6-m\libnosys.a(getpid.o)
 .ARM.attributes
                0x00000b9a       0x2c c:/freescale/kds_v3/toolchain/bin/../lib/gcc/arm-none-eabi/4.8.4/../../../../arm-none-eabi/lib/armv6-m\libnosys.a(isatty.o)
 .ARM.attributes
                0x00000bc6       0x2c c:/freescale/kds_v3/toolchain/bin/../lib/gcc/arm-none-eabi/4.8.4/../../../../arm-none-eabi/lib/armv6-m\libnosys.a(kill.o)
 .ARM.attributes
                0x00000bf2       0x2c c:/freescale/kds_v3/toolchain/bin/../lib/gcc/arm-none-eabi/4.8.4/../../../../arm-none-eabi/lib/armv6-m\libnosys.a(lseek.o)
 .ARM.attributes
                0x00000c1e       0x2c c:/freescale/kds_v3/toolchain/bin/../lib/gcc/arm-none-eabi/4.8.4/../../../../arm-none-eabi/lib/armv6-m\libnosys.a(_exit.o)
 .ARM.attributes
                0x00000c4a       0x2c c:/freescale/kds_v3/toolchain/bin/../lib/gcc/arm-none-eabi/4.8.4/armv6-m/crtend.o
 .ARM.attributes
                0x00000c76       0x1e c:/freescale/kds_v3/toolchain/bin/../lib/gcc/arm-none-eabi/4.8.4/armv6-m/crtn.o
                0x00000001                ASSERT ((__StackLimit >= __HeapLimit), region m_data overflowed with stack and heap)
OUTPUT(hello_world_frdmkl25z.elf elf32-littlearm)

.debug_info     0x00000000     0xbb71
 .debug_info    0x00000000      0xa4c ./utilities/fsl_debug_console.o
 .debug_info    0x00000a4c      0x16e ./utilities/fsl_misc_utilities.o
 .debug_info    0x00000bba      0x5bb ./utilities/print_scan.o
 .debug_info    0x00001175      0x27c ./startup/startup.o
 .debug_info    0x000013f1       0xc2 ./startup/startup_MKL25Z4.o
 .debug_info    0x000014b3      0x3cf ./startup/system_MKL25Z4.o
 .debug_info    0x00001882       0x92 ./source/fsl_lptmr_irq.o
 .debug_info    0x00001914      0x390 ./source/main.o
 .debug_info    0x00001ca4      0xa43 ./board/board.o
 .debug_info    0x000026e7      0x25d ./board/gpio_pins.o
 .debug_info    0x00002944       0xd3 ./board/hardware_init.o
 .debug_info    0x00002a17      0x3f1 ./board/pin_mux.o
 .debug_info    0x00002e08      0x80e C:/Freescale/KSDK_1.3.0/examples/frdmkl25z/demo_apps/hello_world/kds/../../../../../lib/ksdk_platform_lib/kds/KL25Z4/debug/libksdk_platform.a(fsl_uart_hal.o)
 .debug_info    0x00003616      0xfc8 C:/Freescale/KSDK_1.3.0/examples/frdmkl25z/demo_apps/hello_world/kds/../../../../../lib/ksdk_platform_lib/kds/KL25Z4/debug/libksdk_platform.a(fsl_lptmr_driver.o)
 .debug_info    0x000045de      0x917 C:/Freescale/KSDK_1.3.0/examples/frdmkl25z/demo_apps/hello_world/kds/../../../../../lib/ksdk_platform_lib/kds/KL25Z4/debug/libksdk_platform.a(fsl_lpsci_hal.o)
 .debug_info    0x00004ef5      0xe50 C:/Freescale/KSDK_1.3.0/examples/frdmkl25z/demo_apps/hello_world/kds/../../../../../lib/ksdk_platform_lib/kds/KL25Z4/debug/libksdk_platform.a(fsl_gpio_driver.o)
 .debug_info    0x00005d45     0x17a4 C:/Freescale/KSDK_1.3.0/examples/frdmkl25z/demo_apps/hello_world/kds/../../../../../lib/ksdk_platform_lib/kds/KL25Z4/debug/libksdk_platform.a(fsl_clock_MKL25Z4.o)
 .debug_info    0x000074e9     0x1682 C:/Freescale/KSDK_1.3.0/examples/frdmkl25z/demo_apps/hello_world/kds/../../../../../lib/ksdk_platform_lib/kds/KL25Z4/debug/libksdk_platform.a(fsl_clock_manager.o)
 .debug_info    0x00008b6b      0x448 C:/Freescale/KSDK_1.3.0/examples/frdmkl25z/demo_apps/hello_world/kds/../../../../../lib/ksdk_platform_lib/kds/KL25Z4/debug/libksdk_platform.a(fsl_clock_manager_common.o)
 .debug_info    0x00008fb3      0x953 C:/Freescale/KSDK_1.3.0/examples/frdmkl25z/demo_apps/hello_world/kds/../../../../../lib/ksdk_platform_lib/kds/KL25Z4/debug/libksdk_platform.a(fsl_sim_hal_MKL25Z4.o)
 .debug_info    0x00009906       0xef C:/Freescale/KSDK_1.3.0/examples/frdmkl25z/demo_apps/hello_world/kds/../../../../../lib/ksdk_platform_lib/kds/KL25Z4/debug/libksdk_platform.a(fsl_osc_hal.o)
 .debug_info    0x000099f5      0xc23 C:/Freescale/KSDK_1.3.0/examples/frdmkl25z/demo_apps/hello_world/kds/../../../../../lib/ksdk_platform_lib/kds/KL25Z4/debug/libksdk_platform.a(fsl_mcg_hal.o)
 .debug_info    0x0000a618      0x850 C:/Freescale/KSDK_1.3.0/examples/frdmkl25z/demo_apps/hello_world/kds/../../../../../lib/ksdk_platform_lib/kds/KL25Z4/debug/libksdk_platform.a(fsl_mcg_hal_modes.o)
 .debug_info    0x0000ae68      0x42b C:/Freescale/KSDK_1.3.0/examples/frdmkl25z/demo_apps/hello_world/kds/../../../../../lib/ksdk_platform_lib/kds/KL25Z4/debug/libksdk_platform.a(fsl_lptmr_hal.o)
 .debug_info    0x0000b293      0x28b C:/Freescale/KSDK_1.3.0/examples/frdmkl25z/demo_apps/hello_world/kds/../../../../../lib/ksdk_platform_lib/kds/KL25Z4/debug/libksdk_platform.a(fsl_lptmr_common.o)
 .debug_info    0x0000b51e      0x2d6 C:/Freescale/KSDK_1.3.0/examples/frdmkl25z/demo_apps/hello_world/kds/../../../../../lib/ksdk_platform_lib/kds/KL25Z4/debug/libksdk_platform.a(fsl_gpio_hal.o)
 .debug_info    0x0000b7f4      0x37d C:/Freescale/KSDK_1.3.0/examples/frdmkl25z/demo_apps/hello_world/kds/../../../../../lib/ksdk_platform_lib/kds/KL25Z4/debug/libksdk_platform.a(fsl_gpio_common.o)

.debug_abbrev   0x00000000     0x256b
 .debug_abbrev  0x00000000      0x237 ./utilities/fsl_debug_console.o
 .debug_abbrev  0x00000237       0xc1 ./utilities/fsl_misc_utilities.o
 .debug_abbrev  0x000002f8      0x1b3 ./utilities/print_scan.o
 .debug_abbrev  0x000004ab       0xe6 ./startup/startup.o
 .debug_abbrev  0x00000591       0x14 ./startup/startup_MKL25Z4.o
 .debug_abbrev  0x000005a5      0x106 ./startup/system_MKL25Z4.o
 .debug_abbrev  0x000006ab       0x42 ./source/fsl_lptmr_irq.o
 .debug_abbrev  0x000006ed       0xdf ./source/main.o
 .debug_abbrev  0x000007cc      0x253 ./board/board.o
 .debug_abbrev  0x00000a1f       0x8c ./board/gpio_pins.o
 .debug_abbrev  0x00000aab       0x72 ./board/hardware_init.o
 .debug_abbrev  0x00000b1d      0x125 ./board/pin_mux.o
 .debug_abbrev  0x00000c42      0x1eb C:/Freescale/KSDK_1.3.0/examples/frdmkl25z/demo_apps/hello_world/kds/../../../../../lib/ksdk_platform_lib/kds/KL25Z4/debug/libksdk_platform.a(fsl_uart_hal.o)
 .debug_abbrev  0x00000e2d      0x26c C:/Freescale/KSDK_1.3.0/examples/frdmkl25z/demo_apps/hello_world/kds/../../../../../lib/ksdk_platform_lib/kds/KL25Z4/debug/libksdk_platform.a(fsl_lptmr_driver.o)
 .debug_abbrev  0x00001099      0x20e C:/Freescale/KSDK_1.3.0/examples/frdmkl25z/demo_apps/hello_world/kds/../../../../../lib/ksdk_platform_lib/kds/KL25Z4/debug/libksdk_platform.a(fsl_lpsci_hal.o)
 .debug_abbrev  0x000012a7      0x277 C:/Freescale/KSDK_1.3.0/examples/frdmkl25z/demo_apps/hello_world/kds/../../../../../lib/ksdk_platform_lib/kds/KL25Z4/debug/libksdk_platform.a(fsl_gpio_driver.o)
 .debug_abbrev  0x0000151e      0x2ef C:/Freescale/KSDK_1.3.0/examples/frdmkl25z/demo_apps/hello_world/kds/../../../../../lib/ksdk_platform_lib/kds/KL25Z4/debug/libksdk_platform.a(fsl_clock_MKL25Z4.o)
 .debug_abbrev  0x0000180d      0x2a9 C:/Freescale/KSDK_1.3.0/examples/frdmkl25z/demo_apps/hello_world/kds/../../../../../lib/ksdk_platform_lib/kds/KL25Z4/debug/libksdk_platform.a(fsl_clock_manager.o)
 .debug_abbrev  0x00001ab6       0xdb C:/Freescale/KSDK_1.3.0/examples/frdmkl25z/demo_apps/hello_world/kds/../../../../../lib/ksdk_platform_lib/kds/KL25Z4/debug/libksdk_platform.a(fsl_clock_manager_common.o)
 .debug_abbrev  0x00001b91      0x188 C:/Freescale/KSDK_1.3.0/examples/frdmkl25z/demo_apps/hello_world/kds/../../../../../lib/ksdk_platform_lib/kds/KL25Z4/debug/libksdk_platform.a(fsl_sim_hal_MKL25Z4.o)
 .debug_abbrev  0x00001d19       0x99 C:/Freescale/KSDK_1.3.0/examples/frdmkl25z/demo_apps/hello_world/kds/../../../../../lib/ksdk_platform_lib/kds/KL25Z4/debug/libksdk_platform.a(fsl_osc_hal.o)
 .debug_abbrev  0x00001db2      0x234 C:/Freescale/KSDK_1.3.0/examples/frdmkl25z/demo_apps/hello_world/kds/../../../../../lib/ksdk_platform_lib/kds/KL25Z4/debug/libksdk_platform.a(fsl_mcg_hal.o)
 .debug_abbrev  0x00001fe6      0x1a4 C:/Freescale/KSDK_1.3.0/examples/frdmkl25z/demo_apps/hello_world/kds/../../../../../lib/ksdk_platform_lib/kds/KL25Z4/debug/libksdk_platform.a(fsl_mcg_hal_modes.o)
 .debug_abbrev  0x0000218a      0x139 C:/Freescale/KSDK_1.3.0/examples/frdmkl25z/demo_apps/hello_world/kds/../../../../../lib/ksdk_platform_lib/kds/KL25Z4/debug/libksdk_platform.a(fsl_lptmr_hal.o)
 .debug_abbrev  0x000022c3       0xd3 C:/Freescale/KSDK_1.3.0/examples/frdmkl25z/demo_apps/hello_world/kds/../../../../../lib/ksdk_platform_lib/kds/KL25Z4/debug/libksdk_platform.a(fsl_lptmr_common.o)
 .debug_abbrev  0x00002396      0x118 C:/Freescale/KSDK_1.3.0/examples/frdmkl25z/demo_apps/hello_world/kds/../../../../../lib/ksdk_platform_lib/kds/KL25Z4/debug/libksdk_platform.a(fsl_gpio_hal.o)
 .debug_abbrev  0x000024ae       0xbd C:/Freescale/KSDK_1.3.0/examples/frdmkl25z/demo_apps/hello_world/kds/../../../../../lib/ksdk_platform_lib/kds/KL25Z4/debug/libksdk_platform.a(fsl_gpio_common.o)

.debug_aranges  0x00000000      0xca0
 .debug_aranges
                0x00000000       0xa0 ./utilities/fsl_debug_console.o
 .debug_aranges
                0x000000a0       0x28 ./utilities/fsl_misc_utilities.o
 .debug_aranges
                0x000000c8       0x48 ./utilities/print_scan.o
 .debug_aranges
                0x00000110       0x20 ./startup/startup.o
 .debug_aranges
                0x00000130       0x20 ./startup/startup_MKL25Z4.o
 .debug_aranges
                0x00000150       0x28 ./startup/system_MKL25Z4.o
 .debug_aranges
                0x00000178       0x20 ./source/fsl_lptmr_irq.o
 .debug_aranges
                0x00000198       0x28 ./source/main.o
 .debug_aranges
                0x000001c0       0x70 ./board/board.o
 .debug_aranges
                0x00000230       0x18 ./board/gpio_pins.o
 .debug_aranges
                0x00000248       0x20 ./board/hardware_init.o
 .debug_aranges
                0x00000268       0x80 ./board/pin_mux.o
 .debug_aranges
                0x000002e8       0xb0 C:/Freescale/KSDK_1.3.0/examples/frdmkl25z/demo_apps/hello_world/kds/../../../../../lib/ksdk_platform_lib/kds/KL25Z4/debug/libksdk_platform.a(fsl_uart_hal.o)
 .debug_aranges
                0x00000398       0xe0 C:/Freescale/KSDK_1.3.0/examples/frdmkl25z/demo_apps/hello_world/kds/../../../../../lib/ksdk_platform_lib/kds/KL25Z4/debug/libksdk_platform.a(fsl_lptmr_driver.o)
 .debug_aranges
                0x00000478       0xc8 C:/Freescale/KSDK_1.3.0/examples/frdmkl25z/demo_apps/hello_world/kds/../../../../../lib/ksdk_platform_lib/kds/KL25Z4/debug/libksdk_platform.a(fsl_lpsci_hal.o)
 .debug_aranges
                0x00000540       0xf0 C:/Freescale/KSDK_1.3.0/examples/frdmkl25z/demo_apps/hello_world/kds/../../../../../lib/ksdk_platform_lib/kds/KL25Z4/debug/libksdk_platform.a(fsl_gpio_driver.o)
 .debug_aranges
                0x00000630      0x210 C:/Freescale/KSDK_1.3.0/examples/frdmkl25z/demo_apps/hello_world/kds/../../../../../lib/ksdk_platform_lib/kds/KL25Z4/debug/libksdk_platform.a(fsl_clock_MKL25Z4.o)
 .debug_aranges
                0x00000840      0x150 C:/Freescale/KSDK_1.3.0/examples/frdmkl25z/demo_apps/hello_world/kds/../../../../../lib/ksdk_platform_lib/kds/KL25Z4/debug/libksdk_platform.a(fsl_clock_manager.o)
 .debug_aranges
                0x00000990       0x18 C:/Freescale/KSDK_1.3.0/examples/frdmkl25z/demo_apps/hello_world/kds/../../../../../lib/ksdk_platform_lib/kds/KL25Z4/debug/libksdk_platform.a(fsl_clock_manager_common.o)
 .debug_aranges
                0x000009a8       0x90 C:/Freescale/KSDK_1.3.0/examples/frdmkl25z/demo_apps/hello_world/kds/../../../../../lib/ksdk_platform_lib/kds/KL25Z4/debug/libksdk_platform.a(fsl_sim_hal_MKL25Z4.o)
 .debug_aranges
                0x00000a38       0x20 C:/Freescale/KSDK_1.3.0/examples/frdmkl25z/demo_apps/hello_world/kds/../../../../../lib/ksdk_platform_lib/kds/KL25Z4/debug/libksdk_platform.a(fsl_osc_hal.o)
 .debug_aranges
                0x00000a58       0xf0 C:/Freescale/KSDK_1.3.0/examples/frdmkl25z/demo_apps/hello_world/kds/../../../../../lib/ksdk_platform_lib/kds/KL25Z4/debug/libksdk_platform.a(fsl_mcg_hal.o)
 .debug_aranges
                0x00000b48       0x98 C:/Freescale/KSDK_1.3.0/examples/frdmkl25z/demo_apps/hello_world/kds/../../../../../lib/ksdk_platform_lib/kds/KL25Z4/debug/libksdk_platform.a(fsl_mcg_hal_modes.o)
 .debug_aranges
                0x00000be0       0x58 C:/Freescale/KSDK_1.3.0/examples/frdmkl25z/demo_apps/hello_world/kds/../../../../../lib/ksdk_platform_lib/kds/KL25Z4/debug/libksdk_platform.a(fsl_lptmr_hal.o)
 .debug_aranges
                0x00000c38       0x18 C:/Freescale/KSDK_1.3.0/examples/frdmkl25z/demo_apps/hello_world/kds/../../../../../lib/ksdk_platform_lib/kds/KL25Z4/debug/libksdk_platform.a(fsl_lptmr_common.o)
 .debug_aranges
                0x00000c50       0x38 C:/Freescale/KSDK_1.3.0/examples/frdmkl25z/demo_apps/hello_world/kds/../../../../../lib/ksdk_platform_lib/kds/KL25Z4/debug/libksdk_platform.a(fsl_gpio_hal.o)
 .debug_aranges
                0x00000c88       0x18 C:/Freescale/KSDK_1.3.0/examples/frdmkl25z/demo_apps/hello_world/kds/../../../../../lib/ksdk_platform_lib/kds/KL25Z4/debug/libksdk_platform.a(fsl_gpio_common.o)

.debug_ranges   0x00000000      0xac0
 .debug_ranges  0x00000000       0x90 ./utilities/fsl_debug_console.o
 .debug_ranges  0x00000090       0x18 ./utilities/fsl_misc_utilities.o
 .debug_ranges  0x000000a8       0x38 ./utilities/print_scan.o
 .debug_ranges  0x000000e0       0x10 ./startup/startup.o
 .debug_ranges  0x000000f0       0x18 ./startup/system_MKL25Z4.o
 .debug_ranges  0x00000108       0x10 ./source/fsl_lptmr_irq.o
 .debug_ranges  0x00000118       0x18 ./source/main.o
 .debug_ranges  0x00000130       0x60 ./board/board.o
 .debug_ranges  0x00000190       0x10 ./board/hardware_init.o
 .debug_ranges  0x000001a0       0x70 ./board/pin_mux.o
 .debug_ranges  0x00000210       0xa0 C:/Freescale/KSDK_1.3.0/examples/frdmkl25z/demo_apps/hello_world/kds/../../../../../lib/ksdk_platform_lib/kds/KL25Z4/debug/libksdk_platform.a(fsl_uart_hal.o)
 .debug_ranges  0x000002b0       0xd0 C:/Freescale/KSDK_1.3.0/examples/frdmkl25z/demo_apps/hello_world/kds/../../../../../lib/ksdk_platform_lib/kds/KL25Z4/debug/libksdk_platform.a(fsl_lptmr_driver.o)
 .debug_ranges  0x00000380       0xb8 C:/Freescale/KSDK_1.3.0/examples/frdmkl25z/demo_apps/hello_world/kds/../../../../../lib/ksdk_platform_lib/kds/KL25Z4/debug/libksdk_platform.a(fsl_lpsci_hal.o)
 .debug_ranges  0x00000438       0xe0 C:/Freescale/KSDK_1.3.0/examples/frdmkl25z/demo_apps/hello_world/kds/../../../../../lib/ksdk_platform_lib/kds/KL25Z4/debug/libksdk_platform.a(fsl_gpio_driver.o)
 .debug_ranges  0x00000518      0x200 C:/Freescale/KSDK_1.3.0/examples/frdmkl25z/demo_apps/hello_world/kds/../../../../../lib/ksdk_platform_lib/kds/KL25Z4/debug/libksdk_platform.a(fsl_clock_MKL25Z4.o)
 .debug_ranges  0x00000718      0x140 C:/Freescale/KSDK_1.3.0/examples/frdmkl25z/demo_apps/hello_world/kds/../../../../../lib/ksdk_platform_lib/kds/KL25Z4/debug/libksdk_platform.a(fsl_clock_manager.o)
 .debug_ranges  0x00000858       0x80 C:/Freescale/KSDK_1.3.0/examples/frdmkl25z/demo_apps/hello_world/kds/../../../../../lib/ksdk_platform_lib/kds/KL25Z4/debug/libksdk_platform.a(fsl_sim_hal_MKL25Z4.o)
 .debug_ranges  0x000008d8       0x10 C:/Freescale/KSDK_1.3.0/examples/frdmkl25z/demo_apps/hello_world/kds/../../../../../lib/ksdk_platform_lib/kds/KL25Z4/debug/libksdk_platform.a(fsl_osc_hal.o)
 .debug_ranges  0x000008e8       0xe0 C:/Freescale/KSDK_1.3.0/examples/frdmkl25z/demo_apps/hello_world/kds/../../../../../lib/ksdk_platform_lib/kds/KL25Z4/debug/libksdk_platform.a(fsl_mcg_hal.o)
 .debug_ranges  0x000009c8       0x88 C:/Freescale/KSDK_1.3.0/examples/frdmkl25z/demo_apps/hello_world/kds/../../../../../lib/ksdk_platform_lib/kds/KL25Z4/debug/libksdk_platform.a(fsl_mcg_hal_modes.o)
 .debug_ranges  0x00000a50       0x48 C:/Freescale/KSDK_1.3.0/examples/frdmkl25z/demo_apps/hello_world/kds/../../../../../lib/ksdk_platform_lib/kds/KL25Z4/debug/libksdk_platform.a(fsl_lptmr_hal.o)
 .debug_ranges  0x00000a98       0x28 C:/Freescale/KSDK_1.3.0/examples/frdmkl25z/demo_apps/hello_world/kds/../../../../../lib/ksdk_platform_lib/kds/KL25Z4/debug/libksdk_platform.a(fsl_gpio_hal.o)

.debug_line     0x00000000     0x4bbf
 .debug_line    0x00000000      0x3a6 ./utilities/fsl_debug_console.o
 .debug_line    0x000003a6       0xd5 ./utilities/fsl_misc_utilities.o
 .debug_line    0x0000047b      0x458 ./utilities/print_scan.o
 .debug_line    0x000008d3      0x121 ./startup/startup.o
 .debug_line    0x000009f4       0x88 ./startup/startup_MKL25Z4.o
 .debug_line    0x00000a7c      0x164 ./startup/system_MKL25Z4.o
 .debug_line    0x00000be0       0x82 ./source/fsl_lptmr_irq.o
 .debug_line    0x00000c62      0x1f8 ./source/main.o
 .debug_line    0x00000e5a      0x3aa ./board/board.o
 .debug_line    0x00001204      0x129 ./board/gpio_pins.o
 .debug_line    0x0000132d      0x129 ./board/hardware_init.o
 .debug_line    0x00001456      0x276 ./board/pin_mux.o